<html>
<body>
<pre>
<h1>µVision Build Log</h1>
<h2>Tool Versions:</h2>
IDE-Version: ¦ÌVision V5.24.2.0
Copyright (C) 2017 ARM Ltd and ARM Germany GmbH. All rights reserved.
License Information: starry starry, woniu, LIC=EXJT4-FX5E2-X7URZ-JLDE5-XWRZ1-3I2PJ
 
Tool Versions:
Toolchain:       MDK-ARM Plus  Version: 5.24.1
Toolchain Path:  D:\Keil_v5\ARM\ARMCC\Bin
C Compiler:      Armcc.exe V5.06 update 5 (build 528)
Assembler:       Armasm.exe V5.06 update 5 (build 528)
Linker/Locator:  ArmLink.exe V5.06 update 5 (build 528)
Library Manager: ArmAr.exe V5.06 update 5 (build 528)
Hex Converter:   FromElf.exe V5.06 update 5 (build 528)
CPU DLL:         SARMCM3.DLL V5.24.1
Dialog DLL:      DARMCM1.DLL V1.18.0.0
Target DLL:      CMSIS_AGDI.dll V1.28.3.0
Dialog DLL:      TARMCM1.DLL V1.13.0.0
 
<h2>Project:</h2>
D:\workspace\charger2430_new\Keil Project\Bootloader_CAN.uvprojx
Project File Date:  06/22/2026

<h2>Output:</h2>
*** Using Compiler 'V5.06 update 5 (build 528)', folder: 'D:\Keil_v5\ARM\ARMCC\Bin'
Build target 'Target 1'
compiling can_receive.c...
compiling bootloader.c...
..\User\bootloader.c(102): warning:  #1-D: last line of file ends without a newline
  }
..\User\bootloader.c: 1 warning, 0 errors
compiling main.c...
compiling can.c...
..\User\can.c(35): warning:  #177-D: function "Can_Is_Ext_18_Frame"  was declared but never referenced
  static u8 Can_Is_Ext_18_Frame(const flexcan_frame_t* frame)
..\User\can.c: 1 warning, 0 errors
linking...
Program Size: Code=6684 RO-data=520 RW-data=56 ZI-data=1072  
FromELF: creating hex file...
".\Objects\Bootloader_CAN.axf" - 0 Error(s), 2 Warning(s).

<h2>Software Packages used:</h2>

Package Vendor: MindMotion
                http://www.mindmotion.com.cn/Download/MDK_KEIL/MindMotion.MM32F0140_DFP.1.2.2.pack
                MindMotion.MM32F0140_DFP.1.2.2
                MindMotion Cortex-Mx Series Device Family Pack

<h2>Collection of Component include folders:</h2>
  .\RTE\_Target_1

<h2>Collection of Component Files used:</h2>
Build Time Elapsed:  00:00:02
</pre>
</body>
</html>
