<!doctype html public "-//w3c//dtd html 4.0 transitional//en">
<html><head>
<title>Static Call Graph - [.\Objects\Bootloader_CAN.axf]</title></head>
<body><HR>
<H1>Static Call Graph for image .\Objects\Bootloader_CAN.axf</H1><HR>
<BR><P>#&#060CALLGRAPH&#062# ARM Linker, 5060528: Last Updated: Mon Jun 22 16:48:58 2026
<BR><P>
<H3>Maximum Stack Usage =        156 bytes + Unknown(Cycles, Untraceable Function Pointers)</H3><H3>
Call chain for Maximum Stack Depth:</H3>
FLEX_CAN_IRQHandler &rArr; CAN_Configuration &rArr; FLEXCAN_Init &rArr; FLEXCAN_SetBaudRate &rArr; __aeabi_uidivmod
<P>
<H3>
Mutually Recursive functions
</H3> <LI><a href="#[1]">NMI_Handler</a>&nbsp;&nbsp;&nbsp;&rArr;&nbsp;&nbsp;&nbsp;<a href="#[1]">NMI_Handler</a><BR>
 <LI><a href="#[2]">HardFault_Handler</a>&nbsp;&nbsp;&nbsp;&rArr;&nbsp;&nbsp;&nbsp;<a href="#[2]">HardFault_Handler</a><BR>
 <LI><a href="#[3]">SVC_Handler</a>&nbsp;&nbsp;&nbsp;&rArr;&nbsp;&nbsp;&nbsp;<a href="#[3]">SVC_Handler</a><BR>
 <LI><a href="#[4]">PendSV_Handler</a>&nbsp;&nbsp;&nbsp;&rArr;&nbsp;&nbsp;&nbsp;<a href="#[4]">PendSV_Handler</a><BR>
 <LI><a href="#[5]">SysTick_Handler</a>&nbsp;&nbsp;&nbsp;&rArr;&nbsp;&nbsp;&nbsp;<a href="#[5]">SysTick_Handler</a><BR>
 <LI><a href="#[11]">ADC_COMP_IRQHandler</a>&nbsp;&nbsp;&nbsp;&rArr;&nbsp;&nbsp;&nbsp;<a href="#[11]">ADC_COMP_IRQHandler</a><BR>
</UL>
<P>
<H3>
Function Pointers
</H3><UL>
 <LI><a href="#[11]">ADC_COMP_IRQHandler</a> from startup_mm32f0140_keil.o(.text) referenced from startup_mm32f0140_keil.o(RESET)
 <LI><a href="#[e]">DMA1_Channel1_IRQHandler</a> from startup_mm32f0140_keil.o(.text) referenced from startup_mm32f0140_keil.o(RESET)
 <LI><a href="#[f]">DMA1_Channel2_3_IRQHandler</a> from startup_mm32f0140_keil.o(.text) referenced from startup_mm32f0140_keil.o(RESET)
 <LI><a href="#[10]">DMA1_Channel4_5_IRQHandler</a> from startup_mm32f0140_keil.o(.text) referenced from startup_mm32f0140_keil.o(RESET)
 <LI><a href="#[a]">EXTI0_1_IRQHandler</a> from startup_mm32f0140_keil.o(.text) referenced from startup_mm32f0140_keil.o(RESET)
 <LI><a href="#[b]">EXTI2_3_IRQHandler</a> from startup_mm32f0140_keil.o(.text) referenced from startup_mm32f0140_keil.o(RESET)
 <LI><a href="#[c]">EXTI4_15_IRQHandler</a> from startup_mm32f0140_keil.o(.text) referenced from startup_mm32f0140_keil.o(RESET)
 <LI><a href="#[8]">FLASH_IRQHandler</a> from startup_mm32f0140_keil.o(.text) referenced from startup_mm32f0140_keil.o(RESET)
 <LI><a href="#[1f]">FLEX_CAN_IRQHandler</a> from can.o(i.FLEX_CAN_IRQHandler) referenced from startup_mm32f0140_keil.o(RESET)
 <LI><a href="#[d]">HWDIV_IRQHandler</a> from startup_mm32f0140_keil.o(.text) referenced from startup_mm32f0140_keil.o(RESET)
 <LI><a href="#[2]">HardFault_Handler</a> from startup_mm32f0140_keil.o(.text) referenced from startup_mm32f0140_keil.o(RESET)
 <LI><a href="#[19]">I2C1_IRQHandler</a> from startup_mm32f0140_keil.o(.text) referenced from startup_mm32f0140_keil.o(RESET)
 <LI><a href="#[1]">NMI_Handler</a> from startup_mm32f0140_keil.o(.text) referenced from startup_mm32f0140_keil.o(RESET)
 <LI><a href="#[7]">PVD_VDT_IRQHandler</a> from startup_mm32f0140_keil.o(.text) referenced from startup_mm32f0140_keil.o(RESET)
 <LI><a href="#[4]">PendSV_Handler</a> from startup_mm32f0140_keil.o(.text) referenced from startup_mm32f0140_keil.o(RESET)
 <LI><a href="#[9]">RCC_IRQHandler</a> from startup_mm32f0140_keil.o(.text) referenced from startup_mm32f0140_keil.o(RESET)
 <LI><a href="#[0]">Reset_Handler</a> from startup_mm32f0140_keil.o(.text) referenced from startup_mm32f0140_keil.o(RESET)
 <LI><a href="#[1a]">SPI1_IRQHandler</a> from startup_mm32f0140_keil.o(.text) referenced from startup_mm32f0140_keil.o(RESET)
 <LI><a href="#[1b]">SPI2_IRQHandler</a> from startup_mm32f0140_keil.o(.text) referenced from startup_mm32f0140_keil.o(RESET)
 <LI><a href="#[3]">SVC_Handler</a> from startup_mm32f0140_keil.o(.text) referenced from startup_mm32f0140_keil.o(RESET)
 <LI><a href="#[5]">SysTick_Handler</a> from startup_mm32f0140_keil.o(.text) referenced from startup_mm32f0140_keil.o(RESET)
 <LI><a href="#[21]">SystemInit</a> from system_mm32f0140_1.o(i.SystemInit) referenced from startup_mm32f0140_keil.o(.text)
 <LI><a href="#[16]">TIM14_IRQHandler</a> from startup_mm32f0140_keil.o(.text) referenced from startup_mm32f0140_keil.o(RESET)
 <LI><a href="#[17]">TIM16_IRQHandler</a> from startup_mm32f0140_keil.o(.text) referenced from startup_mm32f0140_keil.o(RESET)
 <LI><a href="#[18]">TIM17_IRQHandler</a> from startup_mm32f0140_keil.o(.text) referenced from startup_mm32f0140_keil.o(RESET)
 <LI><a href="#[12]">TIM1_BRK_UP_TRG_COM_IRQHandler</a> from startup_mm32f0140_keil.o(.text) referenced from startup_mm32f0140_keil.o(RESET)
 <LI><a href="#[13]">TIM1_CC_IRQHandler</a> from startup_mm32f0140_keil.o(.text) referenced from startup_mm32f0140_keil.o(RESET)
 <LI><a href="#[14]">TIM2_IRQHandler</a> from startup_mm32f0140_keil.o(.text) referenced from startup_mm32f0140_keil.o(RESET)
 <LI><a href="#[15]">TIM3_IRQHandler</a> from startup_mm32f0140_keil.o(.text) referenced from startup_mm32f0140_keil.o(RESET)
 <LI><a href="#[1c]">UART1_IRQHandler</a> from startup_mm32f0140_keil.o(.text) referenced from startup_mm32f0140_keil.o(RESET)
 <LI><a href="#[1d]">UART2_IRQHandler</a> from startup_mm32f0140_keil.o(.text) referenced from startup_mm32f0140_keil.o(RESET)
 <LI><a href="#[1e]">UART3_IRQHandler</a> from startup_mm32f0140_keil.o(.text) referenced from startup_mm32f0140_keil.o(RESET)
 <LI><a href="#[6]">WWDG_IWDG_IRQHandler</a> from startup_mm32f0140_keil.o(.text) referenced from startup_mm32f0140_keil.o(RESET)
 <LI><a href="#[22]">__main</a> from entry.o(.ARM.Collect$$$$00000000) referenced from startup_mm32f0140_keil.o(.text)
 <LI><a href="#[23]">fputc</a> from bootloader.o(i.fputc) referenced from printf8.o(i.__0printf$8)
 <LI><a href="#[20]">main</a> from main.o(i.main) referenced from entry9a.o(.ARM.Collect$$$$0000000B)
</UL>
<P>
<H3>
Global Symbols
</H3>
<P><STRONG><a name="[22]"></a>__main</STRONG> (Thumb, 0 bytes, Stack size unknown bytes, entry.o(.ARM.Collect$$$$00000000))
<BR>[Address Reference Count : 1]<UL><LI> startup_mm32f0140_keil.o(.text)
</UL>
<P><STRONG><a name="[65]"></a>_main_stk</STRONG> (Thumb, 0 bytes, Stack size unknown bytes, entry2.o(.ARM.Collect$$$$00000001))

<P><STRONG><a name="[24]"></a>_main_scatterload</STRONG> (Thumb, 0 bytes, Stack size unknown bytes, entry5.o(.ARM.Collect$$$$00000004))
<BR><BR>[Calls]<UL><LI><a href="#[25]">&gt;&gt;</a>&nbsp;&nbsp;&nbsp;__scatterload
</UL>

<P><STRONG><a name="[2c]"></a>__main_after_scatterload</STRONG> (Thumb, 0 bytes, Stack size unknown bytes, entry5.o(.ARM.Collect$$$$00000004))
<BR><BR>[Called By]<UL><LI><a href="#[25]">&gt;&gt;</a>&nbsp;&nbsp;&nbsp;__scatterload
</UL>

<P><STRONG><a name="[66]"></a>_main_clock</STRONG> (Thumb, 0 bytes, Stack size unknown bytes, entry7b.o(.ARM.Collect$$$$00000008))

<P><STRONG><a name="[67]"></a>_main_cpp_init</STRONG> (Thumb, 0 bytes, Stack size unknown bytes, entry8b.o(.ARM.Collect$$$$0000000A))

<P><STRONG><a name="[68]"></a>_main_init</STRONG> (Thumb, 0 bytes, Stack size unknown bytes, entry9a.o(.ARM.Collect$$$$0000000B))

<P><STRONG><a name="[69]"></a>__rt_final_cpp</STRONG> (Thumb, 0 bytes, Stack size unknown bytes, entry10a.o(.ARM.Collect$$$$0000000D))

<P><STRONG><a name="[6a]"></a>__rt_final_exit</STRONG> (Thumb, 0 bytes, Stack size unknown bytes, entry11a.o(.ARM.Collect$$$$0000000F))

<P><STRONG><a name="[0]"></a>Reset_Handler</STRONG> (Thumb, 14 bytes, Stack size 0 bytes, startup_mm32f0140_keil.o(.text))
<BR>[Address Reference Count : 1]<UL><LI> startup_mm32f0140_keil.o(RESET)
</UL>
<P><STRONG><a name="[1]"></a>NMI_Handler</STRONG> (Thumb, 2 bytes, Stack size 0 bytes, startup_mm32f0140_keil.o(.text))
<BR><BR>[Calls]<UL><LI><a href="#[1]">&gt;&gt;</a>&nbsp;&nbsp;&nbsp;NMI_Handler
</UL>
<BR>[Called By]<UL><LI><a href="#[1]">&gt;&gt;</a>&nbsp;&nbsp;&nbsp;NMI_Handler
</UL>
<BR>[Address Reference Count : 1]<UL><LI> startup_mm32f0140_keil.o(RESET)
</UL>
<P><STRONG><a name="[2]"></a>HardFault_Handler</STRONG> (Thumb, 2 bytes, Stack size 0 bytes, startup_mm32f0140_keil.o(.text))
<BR><BR>[Calls]<UL><LI><a href="#[2]">&gt;&gt;</a>&nbsp;&nbsp;&nbsp;HardFault_Handler
</UL>
<BR>[Called By]<UL><LI><a href="#[2]">&gt;&gt;</a>&nbsp;&nbsp;&nbsp;HardFault_Handler
</UL>
<BR>[Address Reference Count : 1]<UL><LI> startup_mm32f0140_keil.o(RESET)
</UL>
<P><STRONG><a name="[3]"></a>SVC_Handler</STRONG> (Thumb, 2 bytes, Stack size 0 bytes, startup_mm32f0140_keil.o(.text))
<BR><BR>[Calls]<UL><LI><a href="#[3]">&gt;&gt;</a>&nbsp;&nbsp;&nbsp;SVC_Handler
</UL>
<BR>[Called By]<UL><LI><a href="#[3]">&gt;&gt;</a>&nbsp;&nbsp;&nbsp;SVC_Handler
</UL>
<BR>[Address Reference Count : 1]<UL><LI> startup_mm32f0140_keil.o(RESET)
</UL>
<P><STRONG><a name="[4]"></a>PendSV_Handler</STRONG> (Thumb, 2 bytes, Stack size 0 bytes, startup_mm32f0140_keil.o(.text))
<BR><BR>[Calls]<UL><LI><a href="#[4]">&gt;&gt;</a>&nbsp;&nbsp;&nbsp;PendSV_Handler
</UL>
<BR>[Called By]<UL><LI><a href="#[4]">&gt;&gt;</a>&nbsp;&nbsp;&nbsp;PendSV_Handler
</UL>
<BR>[Address Reference Count : 1]<UL><LI> startup_mm32f0140_keil.o(RESET)
</UL>
<P><STRONG><a name="[5]"></a>SysTick_Handler</STRONG> (Thumb, 2 bytes, Stack size 0 bytes, startup_mm32f0140_keil.o(.text))
<BR><BR>[Calls]<UL><LI><a href="#[5]">&gt;&gt;</a>&nbsp;&nbsp;&nbsp;SysTick_Handler
</UL>
<BR>[Called By]<UL><LI><a href="#[5]">&gt;&gt;</a>&nbsp;&nbsp;&nbsp;SysTick_Handler
</UL>
<BR>[Address Reference Count : 1]<UL><LI> startup_mm32f0140_keil.o(RESET)
</UL>
<P><STRONG><a name="[11]"></a>ADC_COMP_IRQHandler</STRONG> (Thumb, 0 bytes, Stack size 0 bytes, startup_mm32f0140_keil.o(.text))
<BR><BR>[Calls]<UL><LI><a href="#[11]">&gt;&gt;</a>&nbsp;&nbsp;&nbsp;ADC_COMP_IRQHandler
</UL>
<BR>[Called By]<UL><LI><a href="#[11]">&gt;&gt;</a>&nbsp;&nbsp;&nbsp;ADC_COMP_IRQHandler
</UL>
<BR>[Address Reference Count : 1]<UL><LI> startup_mm32f0140_keil.o(RESET)
</UL>
<P><STRONG><a name="[e]"></a>DMA1_Channel1_IRQHandler</STRONG> (Thumb, 0 bytes, Stack size 0 bytes, startup_mm32f0140_keil.o(.text))
<BR>[Address Reference Count : 1]<UL><LI> startup_mm32f0140_keil.o(RESET)
</UL>
<P><STRONG><a name="[f]"></a>DMA1_Channel2_3_IRQHandler</STRONG> (Thumb, 0 bytes, Stack size 0 bytes, startup_mm32f0140_keil.o(.text))
<BR>[Address Reference Count : 1]<UL><LI> startup_mm32f0140_keil.o(RESET)
</UL>
<P><STRONG><a name="[10]"></a>DMA1_Channel4_5_IRQHandler</STRONG> (Thumb, 0 bytes, Stack size 0 bytes, startup_mm32f0140_keil.o(.text))
<BR>[Address Reference Count : 1]<UL><LI> startup_mm32f0140_keil.o(RESET)
</UL>
<P><STRONG><a name="[a]"></a>EXTI0_1_IRQHandler</STRONG> (Thumb, 0 bytes, Stack size 0 bytes, startup_mm32f0140_keil.o(.text))
<BR>[Address Reference Count : 1]<UL><LI> startup_mm32f0140_keil.o(RESET)
</UL>
<P><STRONG><a name="[b]"></a>EXTI2_3_IRQHandler</STRONG> (Thumb, 0 bytes, Stack size 0 bytes, startup_mm32f0140_keil.o(.text))
<BR>[Address Reference Count : 1]<UL><LI> startup_mm32f0140_keil.o(RESET)
</UL>
<P><STRONG><a name="[c]"></a>EXTI4_15_IRQHandler</STRONG> (Thumb, 0 bytes, Stack size 0 bytes, startup_mm32f0140_keil.o(.text))
<BR>[Address Reference Count : 1]<UL><LI> startup_mm32f0140_keil.o(RESET)
</UL>
<P><STRONG><a name="[8]"></a>FLASH_IRQHandler</STRONG> (Thumb, 0 bytes, Stack size 0 bytes, startup_mm32f0140_keil.o(.text))
<BR>[Address Reference Count : 1]<UL><LI> startup_mm32f0140_keil.o(RESET)
</UL>
<P><STRONG><a name="[d]"></a>HWDIV_IRQHandler</STRONG> (Thumb, 0 bytes, Stack size 0 bytes, startup_mm32f0140_keil.o(.text))
<BR>[Address Reference Count : 1]<UL><LI> startup_mm32f0140_keil.o(RESET)
</UL>
<P><STRONG><a name="[19]"></a>I2C1_IRQHandler</STRONG> (Thumb, 0 bytes, Stack size 0 bytes, startup_mm32f0140_keil.o(.text))
<BR>[Address Reference Count : 1]<UL><LI> startup_mm32f0140_keil.o(RESET)
</UL>
<P><STRONG><a name="[7]"></a>PVD_VDT_IRQHandler</STRONG> (Thumb, 0 bytes, Stack size 0 bytes, startup_mm32f0140_keil.o(.text))
<BR>[Address Reference Count : 1]<UL><LI> startup_mm32f0140_keil.o(RESET)
</UL>
<P><STRONG><a name="[9]"></a>RCC_IRQHandler</STRONG> (Thumb, 0 bytes, Stack size 0 bytes, startup_mm32f0140_keil.o(.text))
<BR>[Address Reference Count : 1]<UL><LI> startup_mm32f0140_keil.o(RESET)
</UL>
<P><STRONG><a name="[1a]"></a>SPI1_IRQHandler</STRONG> (Thumb, 0 bytes, Stack size 0 bytes, startup_mm32f0140_keil.o(.text))
<BR>[Address Reference Count : 1]<UL><LI> startup_mm32f0140_keil.o(RESET)
</UL>
<P><STRONG><a name="[1b]"></a>SPI2_IRQHandler</STRONG> (Thumb, 0 bytes, Stack size 0 bytes, startup_mm32f0140_keil.o(.text))
<BR>[Address Reference Count : 1]<UL><LI> startup_mm32f0140_keil.o(RESET)
</UL>
<P><STRONG><a name="[16]"></a>TIM14_IRQHandler</STRONG> (Thumb, 0 bytes, Stack size 0 bytes, startup_mm32f0140_keil.o(.text))
<BR>[Address Reference Count : 1]<UL><LI> startup_mm32f0140_keil.o(RESET)
</UL>
<P><STRONG><a name="[17]"></a>TIM16_IRQHandler</STRONG> (Thumb, 0 bytes, Stack size 0 bytes, startup_mm32f0140_keil.o(.text))
<BR>[Address Reference Count : 1]<UL><LI> startup_mm32f0140_keil.o(RESET)
</UL>
<P><STRONG><a name="[18]"></a>TIM17_IRQHandler</STRONG> (Thumb, 0 bytes, Stack size 0 bytes, startup_mm32f0140_keil.o(.text))
<BR>[Address Reference Count : 1]<UL><LI> startup_mm32f0140_keil.o(RESET)
</UL>
<P><STRONG><a name="[12]"></a>TIM1_BRK_UP_TRG_COM_IRQHandler</STRONG> (Thumb, 0 bytes, Stack size 0 bytes, startup_mm32f0140_keil.o(.text))
<BR>[Address Reference Count : 1]<UL><LI> startup_mm32f0140_keil.o(RESET)
</UL>
<P><STRONG><a name="[13]"></a>TIM1_CC_IRQHandler</STRONG> (Thumb, 0 bytes, Stack size 0 bytes, startup_mm32f0140_keil.o(.text))
<BR>[Address Reference Count : 1]<UL><LI> startup_mm32f0140_keil.o(RESET)
</UL>
<P><STRONG><a name="[14]"></a>TIM2_IRQHandler</STRONG> (Thumb, 0 bytes, Stack size 0 bytes, startup_mm32f0140_keil.o(.text))
<BR>[Address Reference Count : 1]<UL><LI> startup_mm32f0140_keil.o(RESET)
</UL>
<P><STRONG><a name="[15]"></a>TIM3_IRQHandler</STRONG> (Thumb, 0 bytes, Stack size 0 bytes, startup_mm32f0140_keil.o(.text))
<BR>[Address Reference Count : 1]<UL><LI> startup_mm32f0140_keil.o(RESET)
</UL>
<P><STRONG><a name="[1c]"></a>UART1_IRQHandler</STRONG> (Thumb, 0 bytes, Stack size 0 bytes, startup_mm32f0140_keil.o(.text))
<BR>[Address Reference Count : 1]<UL><LI> startup_mm32f0140_keil.o(RESET)
</UL>
<P><STRONG><a name="[1d]"></a>UART2_IRQHandler</STRONG> (Thumb, 0 bytes, Stack size 0 bytes, startup_mm32f0140_keil.o(.text))
<BR>[Address Reference Count : 1]<UL><LI> startup_mm32f0140_keil.o(RESET)
</UL>
<P><STRONG><a name="[1e]"></a>UART3_IRQHandler</STRONG> (Thumb, 0 bytes, Stack size 0 bytes, startup_mm32f0140_keil.o(.text))
<BR>[Address Reference Count : 1]<UL><LI> startup_mm32f0140_keil.o(RESET)
</UL>
<P><STRONG><a name="[6]"></a>WWDG_IWDG_IRQHandler</STRONG> (Thumb, 0 bytes, Stack size 0 bytes, startup_mm32f0140_keil.o(.text))
<BR>[Address Reference Count : 1]<UL><LI> startup_mm32f0140_keil.o(RESET)
</UL>
<P><STRONG><a name="[6b]"></a>__aeabi_uidiv</STRONG> (Thumb, 0 bytes, Stack size 12 bytes, uidiv.o(.text), UNUSED)

<P><STRONG><a name="[2e]"></a>__aeabi_uidivmod</STRONG> (Thumb, 44 bytes, Stack size 12 bytes, uidiv.o(.text))
<BR><BR>[Stack]<UL><LI>Max Depth = 12<LI>Call Chain = __aeabi_uidivmod
</UL>
<BR>[Called By]<UL><LI><a href="#[2d]">&gt;&gt;</a>&nbsp;&nbsp;&nbsp;AutoCalPllFactor
<LI><a href="#[5d]">&gt;&gt;</a>&nbsp;&nbsp;&nbsp;SetSysClockToXX_HSE
<LI><a href="#[36]">&gt;&gt;</a>&nbsp;&nbsp;&nbsp;UART_Init
<LI><a href="#[4f]">&gt;&gt;</a>&nbsp;&nbsp;&nbsp;FLEXCAN_SetBaudRate
<LI><a href="#[5a]">&gt;&gt;</a>&nbsp;&nbsp;&nbsp;RCC_GetSysClockFreq
</UL>

<P><STRONG><a name="[4e]"></a>__aeabi_memcpy</STRONG> (Thumb, 36 bytes, Stack size 0 bytes, memcpya.o(.text))
<BR><BR>[Called By]<UL><LI><a href="#[3c]">&gt;&gt;</a>&nbsp;&nbsp;&nbsp;FLEXCAN_Init
</UL>

<P><STRONG><a name="[6c]"></a>__aeabi_memcpy4</STRONG> (Thumb, 0 bytes, Stack size 0 bytes, memcpya.o(.text), UNUSED)

<P><STRONG><a name="[6d]"></a>__aeabi_memcpy8</STRONG> (Thumb, 0 bytes, Stack size 0 bytes, memcpya.o(.text), UNUSED)

<P><STRONG><a name="[27]"></a>__aeabi_memset</STRONG> (Thumb, 14 bytes, Stack size 0 bytes, memseta.o(.text), UNUSED)
<BR><BR>[Called By]<UL><LI><a href="#[28]">&gt;&gt;</a>&nbsp;&nbsp;&nbsp;_memset$wrapper
<LI><a href="#[26]">&gt;&gt;</a>&nbsp;&nbsp;&nbsp;__aeabi_memclr
</UL>

<P><STRONG><a name="[6e]"></a>__aeabi_memset4</STRONG> (Thumb, 0 bytes, Stack size 0 bytes, memseta.o(.text), UNUSED)

<P><STRONG><a name="[6f]"></a>__aeabi_memset8</STRONG> (Thumb, 0 bytes, Stack size 0 bytes, memseta.o(.text), UNUSED)

<P><STRONG><a name="[26]"></a>__aeabi_memclr</STRONG> (Thumb, 4 bytes, Stack size 0 bytes, memseta.o(.text), UNUSED)
<BR><BR>[Calls]<UL><LI><a href="#[27]">&gt;&gt;</a>&nbsp;&nbsp;&nbsp;__aeabi_memset
</UL>

<P><STRONG><a name="[4b]"></a>__aeabi_memclr4</STRONG> (Thumb, 0 bytes, Stack size 0 bytes, memseta.o(.text))
<BR><BR>[Called By]<UL><LI><a href="#[3b]">&gt;&gt;</a>&nbsp;&nbsp;&nbsp;FLEXCAN_GetDefaultConfig
</UL>

<P><STRONG><a name="[70]"></a>__aeabi_memclr8</STRONG> (Thumb, 0 bytes, Stack size 0 bytes, memseta.o(.text), UNUSED)

<P><STRONG><a name="[28]"></a>_memset$wrapper</STRONG> (Thumb, 18 bytes, Stack size 8 bytes, memseta.o(.text), UNUSED)
<BR><BR>[Calls]<UL><LI><a href="#[27]">&gt;&gt;</a>&nbsp;&nbsp;&nbsp;__aeabi_memset
</UL>

<P><STRONG><a name="[29]"></a>__aeabi_uldivmod</STRONG> (Thumb, 96 bytes, Stack size 48 bytes, uldiv.o(.text), UNUSED)
<BR><BR>[Calls]<UL><LI><a href="#[2a]">&gt;&gt;</a>&nbsp;&nbsp;&nbsp;__aeabi_llsr
<LI><a href="#[2b]">&gt;&gt;</a>&nbsp;&nbsp;&nbsp;__aeabi_llsl
</UL>
<BR>[Called By]<UL><LI><a href="#[5f]">&gt;&gt;</a>&nbsp;&nbsp;&nbsp;_printf_core
</UL>

<P><STRONG><a name="[25]"></a>__scatterload</STRONG> (Thumb, 28 bytes, Stack size 0 bytes, init.o(.text))
<BR><BR>[Calls]<UL><LI><a href="#[2c]">&gt;&gt;</a>&nbsp;&nbsp;&nbsp;__main_after_scatterload
</UL>
<BR>[Called By]<UL><LI><a href="#[24]">&gt;&gt;</a>&nbsp;&nbsp;&nbsp;_main_scatterload
</UL>

<P><STRONG><a name="[71]"></a>__scatterload_rt2</STRONG> (Thumb, 0 bytes, Stack size 0 bytes, init.o(.text), UNUSED)

<P><STRONG><a name="[2b]"></a>__aeabi_llsl</STRONG> (Thumb, 32 bytes, Stack size 8 bytes, llshl.o(.text), UNUSED)
<BR><BR>[Called By]<UL><LI><a href="#[29]">&gt;&gt;</a>&nbsp;&nbsp;&nbsp;__aeabi_uldivmod
</UL>

<P><STRONG><a name="[72]"></a>_ll_shift_l</STRONG> (Thumb, 0 bytes, Stack size 8 bytes, llshl.o(.text), UNUSED)

<P><STRONG><a name="[2a]"></a>__aeabi_llsr</STRONG> (Thumb, 34 bytes, Stack size 8 bytes, llushr.o(.text), UNUSED)
<BR><BR>[Called By]<UL><LI><a href="#[29]">&gt;&gt;</a>&nbsp;&nbsp;&nbsp;__aeabi_uldivmod
</UL>

<P><STRONG><a name="[73]"></a>_ll_ushift_r</STRONG> (Thumb, 0 bytes, Stack size 8 bytes, llushr.o(.text), UNUSED)

<P><STRONG><a name="[2d]"></a>AutoCalPllFactor</STRONG> (Thumb, 106 bytes, Stack size 48 bytes, system_mm32f0140_1.o(i.AutoCalPllFactor))
<BR><BR>[Stack]<UL><LI>Max Depth = 60<LI>Call Chain = AutoCalPllFactor &rArr; __aeabi_uidivmod
</UL>
<BR>[Calls]<UL><LI><a href="#[2e]">&gt;&gt;</a>&nbsp;&nbsp;&nbsp;__aeabi_uidivmod
</UL>
<BR>[Called By]<UL><LI><a href="#[5d]">&gt;&gt;</a>&nbsp;&nbsp;&nbsp;SetSysClockToXX_HSE
</UL>

<P><STRONG><a name="[2f]"></a>BOOT_InitConsole</STRONG> (Thumb, 110 bytes, Stack size 32 bytes, bootloader.o(i.BOOT_InitConsole))
<BR><BR>[Stack]<UL><LI>Max Depth = 100<LI>Call Chain = BOOT_InitConsole &rArr; UART_Init &rArr; RCC_GetPCLK1Freq &rArr; RCC_GetHCLKFreq &rArr; RCC_GetSysClockFreq &rArr; __aeabi_uidivmod
</UL>
<BR>[Calls]<UL><LI><a href="#[35]">&gt;&gt;</a>&nbsp;&nbsp;&nbsp;UART_StructInit
<LI><a href="#[36]">&gt;&gt;</a>&nbsp;&nbsp;&nbsp;UART_Init
<LI><a href="#[37]">&gt;&gt;</a>&nbsp;&nbsp;&nbsp;UART_Cmd
<LI><a href="#[30]">&gt;&gt;</a>&nbsp;&nbsp;&nbsp;RCC_APB2PeriphClockCmd
<LI><a href="#[31]">&gt;&gt;</a>&nbsp;&nbsp;&nbsp;RCC_AHBPeriphClockCmd
<LI><a href="#[33]">&gt;&gt;</a>&nbsp;&nbsp;&nbsp;GPIO_StructInit
<LI><a href="#[32]">&gt;&gt;</a>&nbsp;&nbsp;&nbsp;GPIO_PinAFConfig
<LI><a href="#[34]">&gt;&gt;</a>&nbsp;&nbsp;&nbsp;GPIO_Init
</UL>
<BR>[Called By]<UL><LI><a href="#[20]">&gt;&gt;</a>&nbsp;&nbsp;&nbsp;main
</UL>

<P><STRONG><a name="[3f]"></a>CAN_Build_Rx_Filter_Table</STRONG> (Thumb, 14 bytes, Stack size 0 bytes, can.o(i.CAN_Build_Rx_Filter_Table))
<BR><BR>[Called By]<UL><LI><a href="#[38]">&gt;&gt;</a>&nbsp;&nbsp;&nbsp;CAN_Configuration
</UL>

<P><STRONG><a name="[38]"></a>CAN_Configuration</STRONG> (Thumb, 314 bytes, Stack size 48 bytes, can.o(i.CAN_Configuration))
<BR><BR>[Stack]<UL><LI>Max Depth = 148<LI>Call Chain = CAN_Configuration &rArr; FLEXCAN_Init &rArr; FLEXCAN_SetBaudRate &rArr; __aeabi_uidivmod
</UL>
<BR>[Calls]<UL><LI><a href="#[3a]">&gt;&gt;</a>&nbsp;&nbsp;&nbsp;RCC_GetPCLK1Freq
<LI><a href="#[39]">&gt;&gt;</a>&nbsp;&nbsp;&nbsp;RCC_APB1PeriphClockCmd
<LI><a href="#[42]">&gt;&gt;</a>&nbsp;&nbsp;&nbsp;NVIC_Init
<LI><a href="#[3d]">&gt;&gt;</a>&nbsp;&nbsp;&nbsp;FLEXCAN_SetTxMbConfig
<LI><a href="#[41]">&gt;&gt;</a>&nbsp;&nbsp;&nbsp;FLEXCAN_SetRxIndividualMask
<LI><a href="#[40]">&gt;&gt;</a>&nbsp;&nbsp;&nbsp;FLEXCAN_SetRxFifoConfig
<LI><a href="#[3c]">&gt;&gt;</a>&nbsp;&nbsp;&nbsp;FLEXCAN_Init
<LI><a href="#[3b]">&gt;&gt;</a>&nbsp;&nbsp;&nbsp;FLEXCAN_GetDefaultConfig
<LI><a href="#[3f]">&gt;&gt;</a>&nbsp;&nbsp;&nbsp;CAN_Build_Rx_Filter_Table
<LI><a href="#[3e]">&gt;&gt;</a>&nbsp;&nbsp;&nbsp;FLEXCAN_EnableMbInterrupts
<LI><a href="#[31]">&gt;&gt;</a>&nbsp;&nbsp;&nbsp;RCC_AHBPeriphClockCmd
<LI><a href="#[33]">&gt;&gt;</a>&nbsp;&nbsp;&nbsp;GPIO_StructInit
<LI><a href="#[32]">&gt;&gt;</a>&nbsp;&nbsp;&nbsp;GPIO_PinAFConfig
<LI><a href="#[34]">&gt;&gt;</a>&nbsp;&nbsp;&nbsp;GPIO_Init
</UL>
<BR>[Called By]<UL><LI><a href="#[1f]">&gt;&gt;</a>&nbsp;&nbsp;&nbsp;FLEX_CAN_IRQHandler
<LI><a href="#[20]">&gt;&gt;</a>&nbsp;&nbsp;&nbsp;main
</UL>

<P><STRONG><a name="[44]"></a>CAN_Rd_Msg</STRONG> (Thumb, 22 bytes, Stack size 0 bytes, can.o(i.CAN_Rd_Msg))
<BR><BR>[Called By]<UL><LI><a href="#[43]">&gt;&gt;</a>&nbsp;&nbsp;&nbsp;CAN_ReceiveTest_Task
</UL>

<P><STRONG><a name="[64]"></a>CAN_ReceiveTest_Init</STRONG> (Thumb, 38 bytes, Stack size 0 bytes, can_receive.o(i.CAN_ReceiveTest_Init))
<BR><BR>[Called By]<UL><LI><a href="#[20]">&gt;&gt;</a>&nbsp;&nbsp;&nbsp;main
</UL>

<P><STRONG><a name="[43]"></a>CAN_ReceiveTest_Task</STRONG> (Thumb, 306 bytes, Stack size 48 bytes, can_receive.o(i.CAN_ReceiveTest_Task))
<BR><BR>[Stack]<UL><LI>Max Depth = 112<LI>Call Chain = CAN_ReceiveTest_Task &rArr; CAN_SendStd141Frame &rArr; __2printf
</UL>
<BR>[Calls]<UL><LI><a href="#[46]">&gt;&gt;</a>&nbsp;&nbsp;&nbsp;CAN_Receive_Save
<LI><a href="#[45]">&gt;&gt;</a>&nbsp;&nbsp;&nbsp;CAN_Receive_GetId
<LI><a href="#[48]">&gt;&gt;</a>&nbsp;&nbsp;&nbsp;CAN_SendStd141Frame
<LI><a href="#[44]">&gt;&gt;</a>&nbsp;&nbsp;&nbsp;CAN_Rd_Msg
<LI><a href="#[47]">&gt;&gt;</a>&nbsp;&nbsp;&nbsp;__2printf
</UL>
<BR>[Called By]<UL><LI><a href="#[4a]">&gt;&gt;</a>&nbsp;&nbsp;&nbsp;Can_RxMessage_Test
</UL>

<P><STRONG><a name="[48]"></a>CAN_SendStd141Frame</STRONG> (Thumb, 130 bytes, Stack size 40 bytes, can.o(i.CAN_SendStd141Frame))
<BR><BR>[Stack]<UL><LI>Max Depth = 64<LI>Call Chain = CAN_SendStd141Frame &rArr; __2printf
</UL>
<BR>[Calls]<UL><LI><a href="#[49]">&gt;&gt;</a>&nbsp;&nbsp;&nbsp;FLEXCAN_WriteTxMb
<LI><a href="#[3d]">&gt;&gt;</a>&nbsp;&nbsp;&nbsp;FLEXCAN_SetTxMbConfig
<LI><a href="#[47]">&gt;&gt;</a>&nbsp;&nbsp;&nbsp;__2printf
</UL>
<BR>[Called By]<UL><LI><a href="#[43]">&gt;&gt;</a>&nbsp;&nbsp;&nbsp;CAN_ReceiveTest_Task
</UL>

<P><STRONG><a name="[4a]"></a>Can_RxMessage_Test</STRONG> (Thumb, 8 bytes, Stack size 8 bytes, can_receive.o(i.Can_RxMessage_Test))
<BR><BR>[Stack]<UL><LI>Max Depth = 120<LI>Call Chain = Can_RxMessage_Test &rArr; CAN_ReceiveTest_Task &rArr; CAN_SendStd141Frame &rArr; __2printf
</UL>
<BR>[Calls]<UL><LI><a href="#[43]">&gt;&gt;</a>&nbsp;&nbsp;&nbsp;CAN_ReceiveTest_Task
</UL>
<BR>[Called By]<UL><LI><a href="#[20]">&gt;&gt;</a>&nbsp;&nbsp;&nbsp;main
</UL>

<P><STRONG><a name="[51]"></a>FLEXCAN_EnterFreezeMode</STRONG> (Thumb, 34 bytes, Stack size 0 bytes, hal_flexcan.o(i.FLEXCAN_EnterFreezeMode))
<BR><BR>[Called By]<UL><LI><a href="#[41]">&gt;&gt;</a>&nbsp;&nbsp;&nbsp;FLEXCAN_SetRxIndividualMask
<LI><a href="#[40]">&gt;&gt;</a>&nbsp;&nbsp;&nbsp;FLEXCAN_SetRxFifoConfig
<LI><a href="#[50]">&gt;&gt;</a>&nbsp;&nbsp;&nbsp;FLEXCAN_SetTimingConfig
</UL>

<P><STRONG><a name="[53]"></a>FLEXCAN_ExitFreezeMode</STRONG> (Thumb, 34 bytes, Stack size 0 bytes, hal_flexcan.o(i.FLEXCAN_ExitFreezeMode))
<BR><BR>[Called By]<UL><LI><a href="#[41]">&gt;&gt;</a>&nbsp;&nbsp;&nbsp;FLEXCAN_SetRxIndividualMask
<LI><a href="#[40]">&gt;&gt;</a>&nbsp;&nbsp;&nbsp;FLEXCAN_SetRxFifoConfig
<LI><a href="#[50]">&gt;&gt;</a>&nbsp;&nbsp;&nbsp;FLEXCAN_SetTimingConfig
</UL>

<P><STRONG><a name="[3b]"></a>FLEXCAN_GetDefaultConfig</STRONG> (Thumb, 60 bytes, Stack size 8 bytes, hal_flexcan.o(i.FLEXCAN_GetDefaultConfig))
<BR><BR>[Stack]<UL><LI>Max Depth = 8<LI>Call Chain = FLEXCAN_GetDefaultConfig
</UL>
<BR>[Calls]<UL><LI><a href="#[4b]">&gt;&gt;</a>&nbsp;&nbsp;&nbsp;__aeabi_memclr4
</UL>
<BR>[Called By]<UL><LI><a href="#[38]">&gt;&gt;</a>&nbsp;&nbsp;&nbsp;CAN_Configuration
</UL>

<P><STRONG><a name="[3c]"></a>FLEXCAN_Init</STRONG> (Thumb, 292 bytes, Stack size 48 bytes, hal_flexcan.o(i.FLEXCAN_Init))
<BR><BR>[Stack]<UL><LI>Max Depth = 100<LI>Call Chain = FLEXCAN_Init &rArr; FLEXCAN_SetBaudRate &rArr; __aeabi_uidivmod
</UL>
<BR>[Calls]<UL><LI><a href="#[4f]">&gt;&gt;</a>&nbsp;&nbsp;&nbsp;FLEXCAN_SetBaudRate
<LI><a href="#[4d]">&gt;&gt;</a>&nbsp;&nbsp;&nbsp;FLEXCAN_Reset
<LI><a href="#[4c]">&gt;&gt;</a>&nbsp;&nbsp;&nbsp;FLEXCAN_Enable
<LI><a href="#[4e]">&gt;&gt;</a>&nbsp;&nbsp;&nbsp;__aeabi_memcpy
</UL>
<BR>[Called By]<UL><LI><a href="#[38]">&gt;&gt;</a>&nbsp;&nbsp;&nbsp;CAN_Configuration
</UL>

<P><STRONG><a name="[55]"></a>FLEXCAN_ReadRxFifo</STRONG> (Thumb, 148 bytes, Stack size 16 bytes, hal_flexcan.o(i.FLEXCAN_ReadRxFifo))
<BR><BR>[Stack]<UL><LI>Max Depth = 16<LI>Call Chain = FLEXCAN_ReadRxFifo
</UL>
<BR>[Called By]<UL><LI><a href="#[1f]">&gt;&gt;</a>&nbsp;&nbsp;&nbsp;FLEX_CAN_IRQHandler
</UL>

<P><STRONG><a name="[40]"></a>FLEXCAN_SetRxFifoConfig</STRONG> (Thumb, 380 bytes, Stack size 52 bytes, hal_flexcan.o(i.FLEXCAN_SetRxFifoConfig))
<BR><BR>[Stack]<UL><LI>Max Depth = 72<LI>Call Chain = FLEXCAN_SetRxFifoConfig &rArr; FLEXCAN_SetRxMbConfig
</UL>
<BR>[Calls]<UL><LI><a href="#[52]">&gt;&gt;</a>&nbsp;&nbsp;&nbsp;FLEXCAN_SetRxMbConfig
<LI><a href="#[53]">&gt;&gt;</a>&nbsp;&nbsp;&nbsp;FLEXCAN_ExitFreezeMode
<LI><a href="#[51]">&gt;&gt;</a>&nbsp;&nbsp;&nbsp;FLEXCAN_EnterFreezeMode
</UL>
<BR>[Called By]<UL><LI><a href="#[38]">&gt;&gt;</a>&nbsp;&nbsp;&nbsp;CAN_Configuration
</UL>

<P><STRONG><a name="[41]"></a>FLEXCAN_SetRxIndividualMask</STRONG> (Thumb, 32 bytes, Stack size 12 bytes, hal_flexcan.o(i.FLEXCAN_SetRxIndividualMask))
<BR><BR>[Stack]<UL><LI>Max Depth = 12<LI>Call Chain = FLEXCAN_SetRxIndividualMask
</UL>
<BR>[Calls]<UL><LI><a href="#[53]">&gt;&gt;</a>&nbsp;&nbsp;&nbsp;FLEXCAN_ExitFreezeMode
<LI><a href="#[51]">&gt;&gt;</a>&nbsp;&nbsp;&nbsp;FLEXCAN_EnterFreezeMode
</UL>
<BR>[Called By]<UL><LI><a href="#[38]">&gt;&gt;</a>&nbsp;&nbsp;&nbsp;CAN_Configuration
</UL>

<P><STRONG><a name="[52]"></a>FLEXCAN_SetRxMbConfig</STRONG> (Thumb, 82 bytes, Stack size 20 bytes, hal_flexcan.o(i.FLEXCAN_SetRxMbConfig))
<BR><BR>[Stack]<UL><LI>Max Depth = 20<LI>Call Chain = FLEXCAN_SetRxMbConfig
</UL>
<BR>[Called By]<UL><LI><a href="#[40]">&gt;&gt;</a>&nbsp;&nbsp;&nbsp;FLEXCAN_SetRxFifoConfig
</UL>

<P><STRONG><a name="[50]"></a>FLEXCAN_SetTimingConfig</STRONG> (Thumb, 92 bytes, Stack size 8 bytes, hal_flexcan.o(i.FLEXCAN_SetTimingConfig))
<BR><BR>[Stack]<UL><LI>Max Depth = 8<LI>Call Chain = FLEXCAN_SetTimingConfig
</UL>
<BR>[Calls]<UL><LI><a href="#[53]">&gt;&gt;</a>&nbsp;&nbsp;&nbsp;FLEXCAN_ExitFreezeMode
<LI><a href="#[51]">&gt;&gt;</a>&nbsp;&nbsp;&nbsp;FLEXCAN_EnterFreezeMode
</UL>
<BR>[Called By]<UL><LI><a href="#[4f]">&gt;&gt;</a>&nbsp;&nbsp;&nbsp;FLEXCAN_SetBaudRate
</UL>

<P><STRONG><a name="[3d]"></a>FLEXCAN_SetTxMbConfig</STRONG> (Thumb, 64 bytes, Stack size 12 bytes, hal_flexcan.o(i.FLEXCAN_SetTxMbConfig))
<BR><BR>[Stack]<UL><LI>Max Depth = 12<LI>Call Chain = FLEXCAN_SetTxMbConfig
</UL>
<BR>[Called By]<UL><LI><a href="#[48]">&gt;&gt;</a>&nbsp;&nbsp;&nbsp;CAN_SendStd141Frame
<LI><a href="#[38]">&gt;&gt;</a>&nbsp;&nbsp;&nbsp;CAN_Configuration
</UL>

<P><STRONG><a name="[49]"></a>FLEXCAN_WriteTxMb</STRONG> (Thumb, 156 bytes, Stack size 20 bytes, hal_flexcan.o(i.FLEXCAN_WriteTxMb))
<BR><BR>[Stack]<UL><LI>Max Depth = 20<LI>Call Chain = FLEXCAN_WriteTxMb
</UL>
<BR>[Called By]<UL><LI><a href="#[48]">&gt;&gt;</a>&nbsp;&nbsp;&nbsp;CAN_SendStd141Frame
</UL>

<P><STRONG><a name="[1f]"></a>FLEX_CAN_IRQHandler</STRONG> (Thumb, 202 bytes, Stack size 8 bytes, can.o(i.FLEX_CAN_IRQHandler))
<BR><BR>[Stack]<UL><LI>Max Depth = 156<LI>Call Chain = FLEX_CAN_IRQHandler &rArr; CAN_Configuration &rArr; FLEXCAN_Init &rArr; FLEXCAN_SetBaudRate &rArr; __aeabi_uidivmod
</UL>
<BR>[Calls]<UL><LI><a href="#[55]">&gt;&gt;</a>&nbsp;&nbsp;&nbsp;FLEXCAN_ReadRxFifo
<LI><a href="#[57]">&gt;&gt;</a>&nbsp;&nbsp;&nbsp;FLEXCAN_GetStatusFlags
<LI><a href="#[54]">&gt;&gt;</a>&nbsp;&nbsp;&nbsp;FLEXCAN_GetMbStatusFlags
<LI><a href="#[58]">&gt;&gt;</a>&nbsp;&nbsp;&nbsp;FLEXCAN_ClearStatusFlags
<LI><a href="#[56]">&gt;&gt;</a>&nbsp;&nbsp;&nbsp;FLEXCAN_ClearMbStatusFlags
<LI><a href="#[38]">&gt;&gt;</a>&nbsp;&nbsp;&nbsp;CAN_Configuration
</UL>
<BR>[Address Reference Count : 1]<UL><LI> startup_mm32f0140_keil.o(RESET)
</UL>
<P><STRONG><a name="[34]"></a>GPIO_Init</STRONG> (Thumb, 154 bytes, Stack size 24 bytes, hal_gpio.o(i.GPIO_Init))
<BR><BR>[Stack]<UL><LI>Max Depth = 24<LI>Call Chain = GPIO_Init
</UL>
<BR>[Called By]<UL><LI><a href="#[38]">&gt;&gt;</a>&nbsp;&nbsp;&nbsp;CAN_Configuration
<LI><a href="#[2f]">&gt;&gt;</a>&nbsp;&nbsp;&nbsp;BOOT_InitConsole
</UL>

<P><STRONG><a name="[32]"></a>GPIO_PinAFConfig</STRONG> (Thumb, 40 bytes, Stack size 16 bytes, hal_gpio.o(i.GPIO_PinAFConfig))
<BR><BR>[Stack]<UL><LI>Max Depth = 16<LI>Call Chain = GPIO_PinAFConfig
</UL>
<BR>[Called By]<UL><LI><a href="#[38]">&gt;&gt;</a>&nbsp;&nbsp;&nbsp;CAN_Configuration
<LI><a href="#[2f]">&gt;&gt;</a>&nbsp;&nbsp;&nbsp;BOOT_InitConsole
</UL>

<P><STRONG><a name="[33]"></a>GPIO_StructInit</STRONG> (Thumb, 16 bytes, Stack size 0 bytes, hal_gpio.o(i.GPIO_StructInit))
<BR><BR>[Called By]<UL><LI><a href="#[38]">&gt;&gt;</a>&nbsp;&nbsp;&nbsp;CAN_Configuration
<LI><a href="#[2f]">&gt;&gt;</a>&nbsp;&nbsp;&nbsp;BOOT_InitConsole
</UL>

<P><STRONG><a name="[42]"></a>NVIC_Init</STRONG> (Thumb, 100 bytes, Stack size 0 bytes, hal_misc.o(i.NVIC_Init))
<BR><BR>[Called By]<UL><LI><a href="#[38]">&gt;&gt;</a>&nbsp;&nbsp;&nbsp;CAN_Configuration
</UL>

<P><STRONG><a name="[31]"></a>RCC_AHBPeriphClockCmd</STRONG> (Thumb, 28 bytes, Stack size 0 bytes, hal_rcc.o(i.RCC_AHBPeriphClockCmd))
<BR><BR>[Called By]<UL><LI><a href="#[38]">&gt;&gt;</a>&nbsp;&nbsp;&nbsp;CAN_Configuration
<LI><a href="#[2f]">&gt;&gt;</a>&nbsp;&nbsp;&nbsp;BOOT_InitConsole
</UL>

<P><STRONG><a name="[39]"></a>RCC_APB1PeriphClockCmd</STRONG> (Thumb, 28 bytes, Stack size 0 bytes, hal_rcc.o(i.RCC_APB1PeriphClockCmd))
<BR><BR>[Called By]<UL><LI><a href="#[38]">&gt;&gt;</a>&nbsp;&nbsp;&nbsp;CAN_Configuration
</UL>

<P><STRONG><a name="[30]"></a>RCC_APB2PeriphClockCmd</STRONG> (Thumb, 28 bytes, Stack size 0 bytes, hal_rcc.o(i.RCC_APB2PeriphClockCmd))
<BR><BR>[Called By]<UL><LI><a href="#[2f]">&gt;&gt;</a>&nbsp;&nbsp;&nbsp;BOOT_InitConsole
</UL>

<P><STRONG><a name="[59]"></a>RCC_GetHCLKFreq</STRONG> (Thumb, 24 bytes, Stack size 8 bytes, hal_rcc.o(i.RCC_GetHCLKFreq))
<BR><BR>[Stack]<UL><LI>Max Depth = 44<LI>Call Chain = RCC_GetHCLKFreq &rArr; RCC_GetSysClockFreq &rArr; __aeabi_uidivmod
</UL>
<BR>[Calls]<UL><LI><a href="#[5a]">&gt;&gt;</a>&nbsp;&nbsp;&nbsp;RCC_GetSysClockFreq
</UL>
<BR>[Called By]<UL><LI><a href="#[3a]">&gt;&gt;</a>&nbsp;&nbsp;&nbsp;RCC_GetPCLK1Freq
<LI><a href="#[5b]">&gt;&gt;</a>&nbsp;&nbsp;&nbsp;RCC_GetPCLK2Freq
</UL>

<P><STRONG><a name="[3a]"></a>RCC_GetPCLK1Freq</STRONG> (Thumb, 26 bytes, Stack size 8 bytes, hal_rcc.o(i.RCC_GetPCLK1Freq))
<BR><BR>[Stack]<UL><LI>Max Depth = 52<LI>Call Chain = RCC_GetPCLK1Freq &rArr; RCC_GetHCLKFreq &rArr; RCC_GetSysClockFreq &rArr; __aeabi_uidivmod
</UL>
<BR>[Calls]<UL><LI><a href="#[59]">&gt;&gt;</a>&nbsp;&nbsp;&nbsp;RCC_GetHCLKFreq
</UL>
<BR>[Called By]<UL><LI><a href="#[36]">&gt;&gt;</a>&nbsp;&nbsp;&nbsp;UART_Init
<LI><a href="#[38]">&gt;&gt;</a>&nbsp;&nbsp;&nbsp;CAN_Configuration
</UL>

<P><STRONG><a name="[5b]"></a>RCC_GetPCLK2Freq</STRONG> (Thumb, 26 bytes, Stack size 8 bytes, hal_rcc.o(i.RCC_GetPCLK2Freq))
<BR><BR>[Stack]<UL><LI>Max Depth = 52<LI>Call Chain = RCC_GetPCLK2Freq &rArr; RCC_GetHCLKFreq &rArr; RCC_GetSysClockFreq &rArr; __aeabi_uidivmod
</UL>
<BR>[Calls]<UL><LI><a href="#[59]">&gt;&gt;</a>&nbsp;&nbsp;&nbsp;RCC_GetHCLKFreq
</UL>
<BR>[Called By]<UL><LI><a href="#[36]">&gt;&gt;</a>&nbsp;&nbsp;&nbsp;UART_Init
</UL>

<P><STRONG><a name="[5a]"></a>RCC_GetSysClockFreq</STRONG> (Thumb, 122 bytes, Stack size 24 bytes, hal_rcc.o(i.RCC_GetSysClockFreq))
<BR><BR>[Stack]<UL><LI>Max Depth = 36<LI>Call Chain = RCC_GetSysClockFreq &rArr; __aeabi_uidivmod
</UL>
<BR>[Calls]<UL><LI><a href="#[2e]">&gt;&gt;</a>&nbsp;&nbsp;&nbsp;__aeabi_uidivmod
</UL>
<BR>[Called By]<UL><LI><a href="#[59]">&gt;&gt;</a>&nbsp;&nbsp;&nbsp;RCC_GetHCLKFreq
</UL>

<P><STRONG><a name="[21]"></a>SystemInit</STRONG> (Thumb, 90 bytes, Stack size 8 bytes, system_mm32f0140_1.o(i.SystemInit))
<BR><BR>[Stack]<UL><LI>Max Depth = 116<LI>Call Chain = SystemInit &rArr; SetSysClock &rArr; SetSysClockToXX_HSE &rArr; AutoCalPllFactor &rArr; __aeabi_uidivmod
</UL>
<BR>[Calls]<UL><LI><a href="#[5c]">&gt;&gt;</a>&nbsp;&nbsp;&nbsp;SetSysClock
</UL>
<BR>[Address Reference Count : 1]<UL><LI> startup_mm32f0140_keil.o(.text)
</UL>
<P><STRONG><a name="[37]"></a>UART_Cmd</STRONG> (Thumb, 12 bytes, Stack size 0 bytes, hal_uart.o(i.UART_Cmd))
<BR><BR>[Called By]<UL><LI><a href="#[2f]">&gt;&gt;</a>&nbsp;&nbsp;&nbsp;BOOT_InitConsole
</UL>

<P><STRONG><a name="[63]"></a>UART_GetFlagStatus</STRONG> (Thumb, 18 bytes, Stack size 0 bytes, hal_uart.o(i.UART_GetFlagStatus))
<BR><BR>[Called By]<UL><LI><a href="#[23]">&gt;&gt;</a>&nbsp;&nbsp;&nbsp;fputc
</UL>

<P><STRONG><a name="[36]"></a>UART_Init</STRONG> (Thumb, 116 bytes, Stack size 16 bytes, hal_uart.o(i.UART_Init))
<BR><BR>[Stack]<UL><LI>Max Depth = 68<LI>Call Chain = UART_Init &rArr; RCC_GetPCLK1Freq &rArr; RCC_GetHCLKFreq &rArr; RCC_GetSysClockFreq &rArr; __aeabi_uidivmod
</UL>
<BR>[Calls]<UL><LI><a href="#[3a]">&gt;&gt;</a>&nbsp;&nbsp;&nbsp;RCC_GetPCLK1Freq
<LI><a href="#[5b]">&gt;&gt;</a>&nbsp;&nbsp;&nbsp;RCC_GetPCLK2Freq
<LI><a href="#[2e]">&gt;&gt;</a>&nbsp;&nbsp;&nbsp;__aeabi_uidivmod
</UL>
<BR>[Called By]<UL><LI><a href="#[2f]">&gt;&gt;</a>&nbsp;&nbsp;&nbsp;BOOT_InitConsole
</UL>

<P><STRONG><a name="[62]"></a>UART_SendData</STRONG> (Thumb, 6 bytes, Stack size 0 bytes, hal_uart.o(i.UART_SendData))
<BR><BR>[Called By]<UL><LI><a href="#[23]">&gt;&gt;</a>&nbsp;&nbsp;&nbsp;fputc
</UL>

<P><STRONG><a name="[35]"></a>UART_StructInit</STRONG> (Thumb, 26 bytes, Stack size 0 bytes, hal_uart.o(i.UART_StructInit))
<BR><BR>[Called By]<UL><LI><a href="#[2f]">&gt;&gt;</a>&nbsp;&nbsp;&nbsp;BOOT_InitConsole
</UL>

<P><STRONG><a name="[5e]"></a>__0printf$8</STRONG> (Thumb, 24 bytes, Stack size 24 bytes, printf8.o(i.__0printf$8), UNUSED)
<BR><BR>[Calls]<UL><LI><a href="#[5f]">&gt;&gt;</a>&nbsp;&nbsp;&nbsp;_printf_core
</UL>

<P><STRONG><a name="[74]"></a>__1printf$8</STRONG> (Thumb, 0 bytes, Stack size 24 bytes, printf8.o(i.__0printf$8), UNUSED)

<P><STRONG><a name="[47]"></a>__2printf</STRONG> (Thumb, 0 bytes, Stack size 24 bytes, printf8.o(i.__0printf$8))
<BR><BR>[Stack]<UL><LI>Max Depth = 24<LI>Call Chain = __2printf
</UL>
<BR>[Called By]<UL><LI><a href="#[43]">&gt;&gt;</a>&nbsp;&nbsp;&nbsp;CAN_ReceiveTest_Task
<LI><a href="#[48]">&gt;&gt;</a>&nbsp;&nbsp;&nbsp;CAN_SendStd141Frame
<LI><a href="#[20]">&gt;&gt;</a>&nbsp;&nbsp;&nbsp;main
</UL>

<P><STRONG><a name="[75]"></a>__scatterload_copy</STRONG> (Thumb, 14 bytes, Stack size unknown bytes, handlers.o(i.__scatterload_copy), UNUSED)

<P><STRONG><a name="[76]"></a>__scatterload_null</STRONG> (Thumb, 2 bytes, Stack size unknown bytes, handlers.o(i.__scatterload_null), UNUSED)

<P><STRONG><a name="[77]"></a>__scatterload_zeroinit</STRONG> (Thumb, 14 bytes, Stack size unknown bytes, handlers.o(i.__scatterload_zeroinit), UNUSED)

<P><STRONG><a name="[23]"></a>fputc</STRONG> (Thumb, 32 bytes, Stack size 16 bytes, bootloader.o(i.fputc))
<BR><BR>[Stack]<UL><LI>Max Depth = 16<LI>Call Chain = fputc
</UL>
<BR>[Calls]<UL><LI><a href="#[62]">&gt;&gt;</a>&nbsp;&nbsp;&nbsp;UART_SendData
<LI><a href="#[63]">&gt;&gt;</a>&nbsp;&nbsp;&nbsp;UART_GetFlagStatus
</UL>
<BR>[Address Reference Count : 1]<UL><LI> printf8.o(i.__0printf$8)
</UL>
<P><STRONG><a name="[20]"></a>main</STRONG> (Thumb, 60 bytes, Stack size 0 bytes, main.o(i.main))
<BR><BR>[Stack]<UL><LI>Max Depth = 148<LI>Call Chain = main &rArr; CAN_Configuration &rArr; FLEXCAN_Init &rArr; FLEXCAN_SetBaudRate &rArr; __aeabi_uidivmod
</UL>
<BR>[Calls]<UL><LI><a href="#[4a]">&gt;&gt;</a>&nbsp;&nbsp;&nbsp;Can_RxMessage_Test
<LI><a href="#[64]">&gt;&gt;</a>&nbsp;&nbsp;&nbsp;CAN_ReceiveTest_Init
<LI><a href="#[38]">&gt;&gt;</a>&nbsp;&nbsp;&nbsp;CAN_Configuration
<LI><a href="#[2f]">&gt;&gt;</a>&nbsp;&nbsp;&nbsp;BOOT_InitConsole
<LI><a href="#[47]">&gt;&gt;</a>&nbsp;&nbsp;&nbsp;__2printf
</UL>
<BR>[Address Reference Count : 1]<UL><LI> entry9a.o(.ARM.Collect$$$$0000000B)
</UL><P>
<H3>
Local Symbols
</H3>
<P><STRONG><a name="[56]"></a>FLEXCAN_ClearMbStatusFlags</STRONG> (Thumb, 4 bytes, Stack size 0 bytes, can.o(i.FLEXCAN_ClearMbStatusFlags))
<BR><BR>[Called By]<UL><LI><a href="#[1f]">&gt;&gt;</a>&nbsp;&nbsp;&nbsp;FLEX_CAN_IRQHandler
</UL>

<P><STRONG><a name="[58]"></a>FLEXCAN_ClearStatusFlags</STRONG> (Thumb, 4 bytes, Stack size 0 bytes, can.o(i.FLEXCAN_ClearStatusFlags))
<BR><BR>[Called By]<UL><LI><a href="#[1f]">&gt;&gt;</a>&nbsp;&nbsp;&nbsp;FLEX_CAN_IRQHandler
</UL>

<P><STRONG><a name="[3e]"></a>FLEXCAN_EnableMbInterrupts</STRONG> (Thumb, 8 bytes, Stack size 0 bytes, can.o(i.FLEXCAN_EnableMbInterrupts))
<BR><BR>[Called By]<UL><LI><a href="#[38]">&gt;&gt;</a>&nbsp;&nbsp;&nbsp;CAN_Configuration
</UL>

<P><STRONG><a name="[54]"></a>FLEXCAN_GetMbStatusFlags</STRONG> (Thumb, 8 bytes, Stack size 0 bytes, can.o(i.FLEXCAN_GetMbStatusFlags))
<BR><BR>[Called By]<UL><LI><a href="#[1f]">&gt;&gt;</a>&nbsp;&nbsp;&nbsp;FLEX_CAN_IRQHandler
</UL>

<P><STRONG><a name="[57]"></a>FLEXCAN_GetStatusFlags</STRONG> (Thumb, 6 bytes, Stack size 0 bytes, can.o(i.FLEXCAN_GetStatusFlags))
<BR><BR>[Called By]<UL><LI><a href="#[1f]">&gt;&gt;</a>&nbsp;&nbsp;&nbsp;FLEX_CAN_IRQHandler
</UL>

<P><STRONG><a name="[45]"></a>CAN_Receive_GetId</STRONG> (Thumb, 28 bytes, Stack size 0 bytes, can_receive.o(i.CAN_Receive_GetId))
<BR><BR>[Called By]<UL><LI><a href="#[43]">&gt;&gt;</a>&nbsp;&nbsp;&nbsp;CAN_ReceiveTest_Task
<LI><a href="#[46]">&gt;&gt;</a>&nbsp;&nbsp;&nbsp;CAN_Receive_Save
</UL>

<P><STRONG><a name="[46]"></a>CAN_Receive_Save</STRONG> (Thumb, 74 bytes, Stack size 8 bytes, can_receive.o(i.CAN_Receive_Save))
<BR><BR>[Stack]<UL><LI>Max Depth = 8<LI>Call Chain = CAN_Receive_Save
</UL>
<BR>[Calls]<UL><LI><a href="#[45]">&gt;&gt;</a>&nbsp;&nbsp;&nbsp;CAN_Receive_GetId
</UL>
<BR>[Called By]<UL><LI><a href="#[43]">&gt;&gt;</a>&nbsp;&nbsp;&nbsp;CAN_ReceiveTest_Task
</UL>

<P><STRONG><a name="[5c]"></a>SetSysClock</STRONG> (Thumb, 8 bytes, Stack size 8 bytes, system_mm32f0140_1.o(i.SetSysClock))
<BR><BR>[Stack]<UL><LI>Max Depth = 108<LI>Call Chain = SetSysClock &rArr; SetSysClockToXX_HSE &rArr; AutoCalPllFactor &rArr; __aeabi_uidivmod
</UL>
<BR>[Calls]<UL><LI><a href="#[5d]">&gt;&gt;</a>&nbsp;&nbsp;&nbsp;SetSysClockToXX_HSE
</UL>
<BR>[Called By]<UL><LI><a href="#[21]">&gt;&gt;</a>&nbsp;&nbsp;&nbsp;SystemInit
</UL>

<P><STRONG><a name="[5d]"></a>SetSysClockToXX_HSE</STRONG> (Thumb, 548 bytes, Stack size 40 bytes, system_mm32f0140_1.o(i.SetSysClockToXX_HSE))
<BR><BR>[Stack]<UL><LI>Max Depth = 100<LI>Call Chain = SetSysClockToXX_HSE &rArr; AutoCalPllFactor &rArr; __aeabi_uidivmod
</UL>
<BR>[Calls]<UL><LI><a href="#[2d]">&gt;&gt;</a>&nbsp;&nbsp;&nbsp;AutoCalPllFactor
<LI><a href="#[2e]">&gt;&gt;</a>&nbsp;&nbsp;&nbsp;__aeabi_uidivmod
</UL>
<BR>[Called By]<UL><LI><a href="#[5c]">&gt;&gt;</a>&nbsp;&nbsp;&nbsp;SetSysClock
</UL>

<P><STRONG><a name="[4c]"></a>FLEXCAN_Enable</STRONG> (Thumb, 54 bytes, Stack size 0 bytes, hal_flexcan.o(i.FLEXCAN_Enable))
<BR><BR>[Called By]<UL><LI><a href="#[3c]">&gt;&gt;</a>&nbsp;&nbsp;&nbsp;FLEXCAN_Init
</UL>

<P><STRONG><a name="[4d]"></a>FLEXCAN_Reset</STRONG> (Thumb, 114 bytes, Stack size 8 bytes, hal_flexcan.o(i.FLEXCAN_Reset))
<BR><BR>[Stack]<UL><LI>Max Depth = 8<LI>Call Chain = FLEXCAN_Reset
</UL>
<BR>[Called By]<UL><LI><a href="#[3c]">&gt;&gt;</a>&nbsp;&nbsp;&nbsp;FLEXCAN_Init
</UL>

<P><STRONG><a name="[4f]"></a>FLEXCAN_SetBaudRate</STRONG> (Thumb, 130 bytes, Stack size 40 bytes, hal_flexcan.o(i.FLEXCAN_SetBaudRate))
<BR><BR>[Stack]<UL><LI>Max Depth = 52<LI>Call Chain = FLEXCAN_SetBaudRate &rArr; __aeabi_uidivmod
</UL>
<BR>[Calls]<UL><LI><a href="#[50]">&gt;&gt;</a>&nbsp;&nbsp;&nbsp;FLEXCAN_SetTimingConfig
<LI><a href="#[2e]">&gt;&gt;</a>&nbsp;&nbsp;&nbsp;__aeabi_uidivmod
</UL>
<BR>[Called By]<UL><LI><a href="#[3c]">&gt;&gt;</a>&nbsp;&nbsp;&nbsp;FLEXCAN_Init
</UL>

<P><STRONG><a name="[5f]"></a>_printf_core</STRONG> (Thumb, 1020 bytes, Stack size 104 bytes, printf8.o(i._printf_core), UNUSED)
<BR><BR>[Calls]<UL><LI><a href="#[29]">&gt;&gt;</a>&nbsp;&nbsp;&nbsp;__aeabi_uldivmod
<LI><a href="#[60]">&gt;&gt;</a>&nbsp;&nbsp;&nbsp;_printf_pre_padding
<LI><a href="#[61]">&gt;&gt;</a>&nbsp;&nbsp;&nbsp;_printf_post_padding
</UL>
<BR>[Called By]<UL><LI><a href="#[5e]">&gt;&gt;</a>&nbsp;&nbsp;&nbsp;__0printf$8
</UL>

<P><STRONG><a name="[61]"></a>_printf_post_padding</STRONG> (Thumb, 32 bytes, Stack size 24 bytes, printf8.o(i._printf_post_padding), UNUSED)
<BR><BR>[Called By]<UL><LI><a href="#[5f]">&gt;&gt;</a>&nbsp;&nbsp;&nbsp;_printf_core
</UL>

<P><STRONG><a name="[60]"></a>_printf_pre_padding</STRONG> (Thumb, 44 bytes, Stack size 40 bytes, printf8.o(i._printf_pre_padding), UNUSED)
<BR><BR>[Called By]<UL><LI><a href="#[5f]">&gt;&gt;</a>&nbsp;&nbsp;&nbsp;_printf_core
</UL>
<P>
<H3>
Undefined Global Symbols
</H3><HR></body></html>
