Component: ARM Compiler 5.06 update 5 (build 528) Tool: armlink [4d35e2]

==============================================================================

Section Cross References

    main.o(i.main) refers to bootloader.o(i.BOOT_InitConsole) for BOOT_InitConsole
    main.o(i.main) refers to can.o(i.CAN_Configuration) for CAN_Configuration
    main.o(i.main) refers to can_receive.o(i.CAN_ReceiveTest_Init) for CAN_ReceiveTest_Init
    main.o(i.main) refers to printf8.o(i.__0printf$8) for __2printf
    main.o(i.main) refers to can_receive.o(i.Can_RxMessage_Test) for Can_RxMessage_Test
    bootloader.o(i.BOOTLOAD2APP) refers to printf8.o(i.__0printf$8) for __2printf
    bootloader.o(i.BOOT_InitConsole) refers to hal_rcc.o(i.RCC_APB2PeriphClockCmd) for RCC_APB2PeriphClockCmd
    bootloader.o(i.BOOT_InitConsole) refers to hal_rcc.o(i.RCC_AHBPeriphClockCmd) for RCC_AHBPeriphClockCmd
    bootloader.o(i.BOOT_InitConsole) refers to hal_gpio.o(i.GPIO_PinAFConfig) for GPIO_PinAFConfig
    bootloader.o(i.BOOT_InitConsole) refers to hal_gpio.o(i.GPIO_StructInit) for GPIO_StructInit
    bootloader.o(i.BOOT_InitConsole) refers to hal_gpio.o(i.GPIO_Init) for GPIO_Init
    bootloader.o(i.BOOT_InitConsole) refers to hal_uart.o(i.UART_StructInit) for UART_StructInit
    bootloader.o(i.BOOT_InitConsole) refers to hal_uart.o(i.UART_Init) for UART_Init
    bootloader.o(i.BOOT_InitConsole) refers to hal_uart.o(i.UART_Cmd) for UART_Cmd
    bootloader.o(i.fputc) refers to hal_uart.o(i.UART_SendData) for UART_SendData
    bootloader.o(i.fputc) refers to hal_uart.o(i.UART_GetFlagStatus) for UART_GetFlagStatus
    can.o(i.CAN_Build_Rx_Filter_Table) refers to can.o(.data) for can_fifo_filter_table
    can.o(i.CAN_Configuration) refers to hal_rcc.o(i.RCC_AHBPeriphClockCmd) for RCC_AHBPeriphClockCmd
    can.o(i.CAN_Configuration) refers to hal_rcc.o(i.RCC_APB1PeriphClockCmd) for RCC_APB1PeriphClockCmd
    can.o(i.CAN_Configuration) refers to hal_gpio.o(i.GPIO_PinAFConfig) for GPIO_PinAFConfig
    can.o(i.CAN_Configuration) refers to hal_gpio.o(i.GPIO_StructInit) for GPIO_StructInit
    can.o(i.CAN_Configuration) refers to hal_gpio.o(i.GPIO_Init) for GPIO_Init
    can.o(i.CAN_Configuration) refers to hal_rcc.o(i.RCC_GetPCLK1Freq) for RCC_GetPCLK1Freq
    can.o(i.CAN_Configuration) refers to hal_flexcan.o(i.FLEXCAN_GetDefaultConfig) for FLEXCAN_GetDefaultConfig
    can.o(i.CAN_Configuration) refers to hal_flexcan.o(i.FLEXCAN_Init) for FLEXCAN_Init
    can.o(i.CAN_Configuration) refers to hal_flexcan.o(i.FLEXCAN_SetTxMbConfig) for FLEXCAN_SetTxMbConfig
    can.o(i.CAN_Configuration) refers to can.o(i.FLEXCAN_EnableMbInterrupts) for FLEXCAN_EnableMbInterrupts
    can.o(i.CAN_Configuration) refers to can.o(i.CAN_Build_Rx_Filter_Table) for CAN_Build_Rx_Filter_Table
    can.o(i.CAN_Configuration) refers to hal_flexcan.o(i.FLEXCAN_SetRxFifoConfig) for FLEXCAN_SetRxFifoConfig
    can.o(i.CAN_Configuration) refers to hal_flexcan.o(i.FLEXCAN_SetRxIndividualMask) for FLEXCAN_SetRxIndividualMask
    can.o(i.CAN_Configuration) refers to hal_misc.o(i.NVIC_Init) for NVIC_Init
    can.o(i.CAN_Configuration) refers to can.o(.data) for can_fifo_filter_table
    can.o(i.CAN_Rd_Msg) refers to can.o(.data) for can_data_ready
    can.o(i.CAN_Rd_Msg) refers to can.o(.bss) for RxMessage
    can.o(i.CAN_SendStd141Frame) refers to hal_flexcan.o(i.FLEXCAN_WriteTxMb) for FLEXCAN_WriteTxMb
    can.o(i.CAN_SendStd141Frame) refers to printf8.o(i.__0printf$8) for __2printf
    can.o(i.CAN_SendStd141Frame) refers to hal_flexcan.o(i.FLEXCAN_SetTxMbConfig) for FLEXCAN_SetTxMbConfig
    can.o(i.CAN_SendStd141Frame) refers to can.o(.bss) for TxMessage
    can.o(i.Can_Is_Ext_18_Frame) refers to can.o(i.Can_Get_Rx_Id) for Can_Get_Rx_Id
    can.o(i.Can_TxMessage_Test) refers to can.o(i.CAN_SendStd141Frame) for CAN_SendStd141Frame
    can.o(i.FLEX_CAN_IRQHandler) refers to can.o(i.FLEXCAN_GetMbStatusFlags) for FLEXCAN_GetMbStatusFlags
    can.o(i.FLEX_CAN_IRQHandler) refers to hal_flexcan.o(i.FLEXCAN_ReadRxFifo) for FLEXCAN_ReadRxFifo
    can.o(i.FLEX_CAN_IRQHandler) refers to can.o(i.FLEXCAN_ClearMbStatusFlags) for FLEXCAN_ClearMbStatusFlags
    can.o(i.FLEX_CAN_IRQHandler) refers to can.o(i.FLEXCAN_GetStatusFlags) for FLEXCAN_GetStatusFlags
    can.o(i.FLEX_CAN_IRQHandler) refers to can.o(i.FLEXCAN_ClearStatusFlags) for FLEXCAN_ClearStatusFlags
    can.o(i.FLEX_CAN_IRQHandler) refers to can.o(i.CAN_Configuration) for CAN_Configuration
    can.o(i.FLEX_CAN_IRQHandler) refers to can.o(.bss) for RxMessage
    can.o(i.FLEX_CAN_IRQHandler) refers to can.o(.data) for can_data_ready
    can_receive.o(i.CAN_ReceiveTest_Init) refers to can_receive.o(.bss) for g_can_rx_msg
    can_receive.o(i.CAN_ReceiveTest_Init) refers to can_receive.o(.data) for g_can_rx_ready
    can_receive.o(i.CAN_ReceiveTest_Read) refers to can_receive.o(.data) for g_can_rx_ready
    can_receive.o(i.CAN_ReceiveTest_Read) refers to can_receive.o(.bss) for g_can_rx_msg
[...]
    printf3.o(i._printf_core) refers to uidiv.o(.text) for __aeabi_uidivmod
    printf4.o(i.__0fprintf$4) refers to printf4.o(i._printf_core) for _printf_core
    printf4.o(i.__0fprintf$4) refers to bootloader.o(i.fputc) for fputc
    printf4.o(i.__0printf$4) refers to printf4.o(i._printf_core) for _printf_core
    printf4.o(i.__0printf$4) refers to bootloader.o(i.fputc) for fputc
    printf4.o(i.__0printf$4) refers to stdout.o(.data) for __stdout
    printf4.o(i.__0snprintf$4) refers to printf4.o(i._printf_core) for _printf_core
    printf4.o(i.__0snprintf$4) refers to printf4.o(i._snputc) for _snputc
    printf4.o(i.__0sprintf$4) refers to printf4.o(i._printf_core) for _printf_core
    printf4.o(i.__0sprintf$4) refers to printf4.o(i._sputc) for _sputc
    printf4.o(i.__0vfprintf$4) refers to printf4.o(i._printf_core) for _printf_core
    printf4.o(i.__0vfprintf$4) refers to bootloader.o(i.fputc) for fputc
    printf4.o(i.__0vprintf$4) refers to printf4.o(i._printf_core) for _printf_core
    printf4.o(i.__0vprintf$4) refers to bootloader.o(i.fputc) for fputc
    printf4.o(i.__0vprintf$4) refers to stdout.o(.data) for __stdout
    printf4.o(i.__0vsnprintf$4) refers to printf4.o(i._printf_core) for _printf_core
    printf4.o(i.__0vsnprintf$4) refers to printf4.o(i._snputc) for _snputc
    printf4.o(i.__0vsprintf$4) refers to printf4.o(i._printf_core) for _printf_core
    printf4.o(i.__0vsprintf$4) refers to printf4.o(i._sputc) for _sputc
    printf4.o(i._printf_core) refers to uldiv.o(.text) for __aeabi_uldivmod
    printf5.o(i.__0fprintf$5) refers to printf5.o(i._printf_core) for _printf_core
    printf5.o(i.__0fprintf$5) refers to bootloader.o(i.fputc) for fputc
    printf5.o(i.__0printf$5) refers to printf5.o(i._printf_core) for _printf_core
    printf5.o(i.__0printf$5) refers to bootloader.o(i.fputc) for fputc
    printf5.o(i.__0printf$5) refers to stdout.o(.data) for __stdout
    printf5.o(i.__0snprintf$5) refers to printf5.o(i._printf_core) for _printf_core
    printf5.o(i.__0snprintf$5) refers to printf5.o(i._snputc) for _snputc
    printf5.o(i.__0sprintf$5) refers to printf5.o(i._printf_core) for _printf_core
    printf5.o(i.__0sprintf$5) refers to printf5.o(i._sputc) for _sputc
    printf5.o(i.__0vfprintf$5) refers to printf5.o(i._printf_core) for _printf_core
    printf5.o(i.__0vfprintf$5) refers to bootloader.o(i.fputc) for fputc
    printf5.o(i.__0vprintf$5) refers to printf5.o(i._printf_core) for _printf_core
    printf5.o(i.__0vprintf$5) refers to bootloader.o(i.fputc) for fputc
    printf5.o(i.__0vprintf$5) refers to stdout.o(.data) for __stdout
    printf5.o(i.__0vsnprintf$5) refers to printf5.o(i._printf_core) for _printf_core
    printf5.o(i.__0vsnprintf$5) refers to printf5.o(i._snputc) for _snputc
    printf5.o(i.__0vsprintf$5) refers to printf5.o(i._printf_core) for _printf_core
    printf5.o(i.__0vsprintf$5) refers to printf5.o(i._sputc) for _sputc
    printf5.o(i._printf_core) refers to uldiv.o(.text) for __aeabi_uldivmod
    printf6.o(i.__0fprintf$6) refers to printf6.o(i._printf_core) for _printf_core
    printf6.o(i.__0fprintf$6) refers to bootloader.o(i.fputc) for fputc
    printf6.o(i.__0printf$6) refers to printf6.o(i._printf_core) for _printf_core
    printf6.o(i.__0printf$6) refers to bootloader.o(i.fputc) for fputc
    printf6.o(i.__0printf$6) refers to stdout.o(.data) for __stdout
    printf6.o(i.__0snprintf$6) refers to printf6.o(i._printf_core) for _printf_core
    printf6.o(i.__0snprintf$6) refers to printf6.o(i._snputc) for _snputc
    printf6.o(i.__0sprintf$6) refers to printf6.o(i._printf_core) for _printf_core
    printf6.o(i.__0sprintf$6) refers to printf6.o(i._sputc) for _sputc
    printf6.o(i.__0vfprintf$6) refers to printf6.o(i._printf_core) for _printf_core
    printf6.o(i.__0vfprintf$6) refers to bootloader.o(i.fputc) for fputc
    printf6.o(i.__0vprintf$6) refers to printf6.o(i._printf_core) for _printf_core
    printf6.o(i.__0vprintf$6) refers to bootloader.o(i.fputc) for fputc
    printf6.o(i.__0vprintf$6) refers to stdout.o(.data) for __stdout
    printf6.o(i.__0vsnprintf$6) refers to printf6.o(i._printf_core) for _printf_core
    printf6.o(i.__0vsnprintf$6) refers to printf6.o(i._snputc) for _snputc
    printf6.o(i.__0vsprintf$6) refers to printf6.o(i._printf_core) for _printf_core
    printf6.o(i.__0vsprintf$6) refers to printf6.o(i._sputc) for _sputc
    printf6.o(i._printf_core) refers to printf6.o(i._printf_pre_padding) for _printf_pre_padding
    printf6.o(i._printf_core) refers to printf6.o(i._printf_post_padding) for _printf_post_padding
    printf6.o(i._printf_core) refers to uidiv.o(.text) for __aeabi_uidivmod
    printf7.o(i.__0fprintf$7) refers to printf7.o(i._printf_core) for _printf_core
    printf7.o(i.__0fprintf$7) refers to bootloader.o(i.fputc) for fputc
    printf7.o(i.__0printf$7) refers to printf7.o(i._printf_core) for _printf_core
    printf7.o(i.__0printf$7) refers to bootloader.o(i.fputc) for fputc
    printf7.o(i.__0printf$7) refers to stdout.o(.data) for __stdout
    printf7.o(i.__0snprintf$7) refers to printf7.o(i._printf_core) for _printf_core
    printf7.o(i.__0snprintf$7) refers to printf7.o(i._snputc) for _snputc
    printf7.o(i.__0sprintf$7) refers to printf7.o(i._printf_core) for _printf_core
    printf7.o(i.__0sprintf$7) refers to printf7.o(i._sputc) for _sputc
    printf7.o(i.__0vfprintf$7) refers to printf7.o(i._printf_core) for _printf_core
    printf7.o(i.__0vfprintf$7) refers to bootloader.o(i.fputc) for fputc
    printf7.o(i.__0vprintf$7) refers to printf7.o(i._printf_core) for _printf_core
    printf7.o(i.__0vprintf$7) refers to bootloader.o(i.fputc) for fputc
    printf7.o(i.__0vprintf$7) refers to stdout.o(.data) for __stdout
    printf7.o(i.__0vsnprintf$7) refers to printf7.o(i._printf_core) for _printf_core
    printf7.o(i.__0vsnprintf$7) refers to printf7.o(i._snputc) for _snputc
    printf7.o(i.__0vsprintf$7) refers to printf7.o(i._printf_core) for _printf_core
    printf7.o(i.__0vsprintf$7) refers to printf7.o(i._sputc) for _sputc
    printf7.o(i._printf_core) refers to printf7.o(i._printf_pre_padding) for _printf_pre_padding
    printf7.o(i._printf_core) refers to printf7.o(i._printf_post_padding) for _printf_post_padding
    printf7.o(i._printf_core) refers to uldiv.o(.text) for __aeabi_uldivmod
    printf8.o(i.__0fprintf$8) refers to printf8.o(i._printf_core) for _printf_core
    printf8.o(i.__0fprintf$8) refers to bootloader.o(i.fputc) for fputc
    printf8.o(i.__0printf$8) refers to printf8.o(i._printf_core) for _printf_core
    printf8.o(i.__0printf$8) refers to bootloader.o(i.fputc) for fputc
    printf8.o(i.__0printf$8) refers to stdout.o(.data) for __stdout
    printf8.o(i.__0snprintf$8) refers to printf8.o(i._printf_core) for _printf_core
    printf8.o(i.__0snprintf$8) refers to printf8.o(i._snputc) for _snputc
    printf8.o(i.__0sprintf$8) refers to printf8.o(i._printf_core) for _printf_core
    printf8.o(i.__0sprintf$8) refers to printf8.o(i._sputc) for _sputc
    printf8.o(i.__0vfprintf$8) refers to printf8.o(i._printf_core) for _printf_core
    printf8.o(i.__0vfprintf$8) refers to bootloader.o(i.fputc) for fputc
    printf8.o(i.__0vprintf$8) refers to printf8.o(i._printf_core) for _printf_core
    printf8.o(i.__0vprintf$8) refers to bootloader.o(i.fputc) for fputc
    printf8.o(i.__0vprintf$8) refers to stdout.o(.data) for __stdout
    printf8.o(i.__0vsnprintf$8) refers to printf8.o(i._printf_core) for _printf_core
    printf8.o(i.__0vsnprintf$8) refers to printf8.o(i._snputc) for _snputc
    printf8.o(i.__0vsprintf$8) refers to printf8.o(i._printf_core) for _printf_core
    printf8.o(i.__0vsprintf$8) refers to printf8.o(i._sputc) for _sputc
    printf8.o(i._printf_core) refers to printf8.o(i._printf_pre_padding) for _printf_pre_padding
    printf8.o(i._printf_core) refers to printf8.o(i._printf_post_padding) for _printf_post_padding
    printf8.o(i._printf_core) refers to uldiv.o(.text) for __aeabi_uldivmod
    printfa.o(i.__0fprintf) refers (Special) to iusefp.o(.text) for __I$use$fp
    printfa.o(i.__0fprintf) refers to printfa.o(i._printf_core) for _printf_core
    printfa.o(i.__0fprintf) refers to bootloader.o(i.fputc) for fputc
    printfa.o(i.__0printf) refers (Special) to iusefp.o(.text) for __I$use$fp
    printfa.o(i.__0printf) refers to printfa.o(i._printf_core) for _printf_core
    printfa.o(i.__0printf) refers to bootloader.o(i.fputc) for fputc
    printfa.o(i.__0printf) refers to stdout.o(.data) for __stdout
    printfa.o(i.__0snprintf) refers (Special) to iusefp.o(.text) for __I$use$fp
    printfa.o(i.__0snprintf) refers to printfa.o(i._printf_core) for _printf_core
    printfa.o(i.__0snprintf) refers to printfa.o(i._snputc) for _snputc
    printfa.o(i.__0sprintf) refers (Special) to iusefp.o(.text) for __I$use$fp
    printfa.o(i.__0sprintf) refers to printfa.o(i._printf_core) for _printf_core
    printfa.o(i.__0sprintf) refers to printfa.o(i._sputc) for _sputc
    printfa.o(i.__0vfprintf) refers (Special) to iusefp.o(.text) for __I$use$fp
    printfa.o(i.__0vfprintf) refers to printfa.o(i._printf_core) for _printf_core
    printfa.o(i.__0vfprintf) refers to bootloader.o(i.fputc) for fputc
    printfa.o(i.__0vprintf) refers (Special) to iusefp.o(.text) for __I$use$fp
    printfa.o(i.__0vprintf) refers to printfa.o(i._printf_core) for _printf_core
    printfa.o(i.__0vprintf) refers to bootloader.o(i.fputc) for fputc
    printfa.o(i.__0vprintf) refers to stdout.o(.data) for __stdout
    printfa.o(i.__0vsnprintf) refers (Special) to iusefp.o(.text) for __I$use$fp
    printfa.o(i.__0vsnprintf) refers to printfa.o(i._printf_core) for _printf_core
    printfa.o(i.__0vsnprintf) refers to printfa.o(i._snputc) for _snputc
    printfa.o(i.__0vsprintf) refers (Special) to iusefp.o(.text) for __I$use$fp
    printfa.o(i.__0vsprintf) refers to printfa.o(i._printf_core) for _printf_core
    printfa.o(i.__0vsprintf) refers to printfa.o(i._sputc) for _sputc
    printfa.o(i._fp_digits) refers (Special) to iusefp.o(.text) for __I$use$fp
    printfa.o(i._fp_digits) refers to dmul.o(.text) for __aeabi_dmul
    printfa.o(i._fp_digits) refers to ddiv.o(.text) for __aeabi_ddiv
    printfa.o(i._fp_digits) refers to cdrcmple.o(.text) for __aeabi_cdrcmple
    printfa.o(i._fp_digits) refers to dadd.o(.text) for __aeabi_dadd
    printfa.o(i._fp_digits) refers to dfixul.o(.text) for __aeabi_d2ulz
    printfa.o(i._fp_digits) refers to uldiv.o(.text) for __aeabi_uldivmod
    printfa.o(i._printf_core) refers (Special) to iusefp.o(.text) for __I$use$fp
    printfa.o(i._printf_core) refers to printfa.o(i._printf_pre_padding) for _printf_pre_padding
    printfa.o(i._printf_core) refers to uldiv.o(.text) for __aeabi_uldivmod
    printfa.o(i._printf_core) refers to printfa.o(i._printf_post_padding) for _printf_post_padding
    printfa.o(i._printf_core) refers to printfa.o(i._fp_digits) for _fp_digits
    printfa.o(i._printf_core) refers to uidiv.o(.text) for __aeabi_uidivmod
    printfa.o(i._printf_post_padding) refers (Special) to iusefp.o(.text) for __I$use$fp
    printfa.o(i._printf_pre_padding) refers (Special) to iusefp.o(.text) for __I$use$fp
    printfa.o(i._snputc) refers (Special) to iusefp.o(.text) for __I$use$fp
    printfa.o(i._sputc) refers (Special) to iusefp.o(.text) for __I$use$fp
    entry2.o(.ARM.Collect$$$$00000001) refers to entry2.o(.ARM.Collect$$$$00002712) for __lit__00000000
    entry2.o(.ARM.Collect$$$$00002712) refers to startup_mm32f0140_keil.o(STACK) for __initial_sp
    entry2.o(__vectab_stack_and_reset_area) refers to startup_mm32f0140_keil.o(STACK) for __initial_sp
    entry2.o(__vectab_stack_and_reset_area) refers to entry.o(.ARM.Collect$$$$00000000) for __main
    entry5.o(.ARM.Collect$$$$00000004) refers to init.o(.text) for __scatterload
    entry9a.o(.ARM.Collect$$$$0000000B) refers to main.o(i.main) for main
    entry9b.o(.ARM.Collect$$$$0000000C) refers to main.o(i.main) for main
    uldiv.o(.text) refers to llushr.o(.text) for __aeabi_llsr
    uldiv.o(.text) refers to llshl.o(.text) for __aeabi_llsl
    dadd.o(.text) refers to llshl.o(.text) for __aeabi_llsl
    dadd.o(.text) refers to llsshr.o(.text) for __aeabi_lasr
    dadd.o(.text) refers to depilogue.o(.text) for _double_epilogue
    dmul.o(.text) refers to depilogue.o(.text) for _double_epilogue
    ddiv.o(.text) refers to depilogue.o(.text) for _double_round
    dfixul.o(.text) refers to llushr.o(.text) for __aeabi_llsr
    dfixul.o(.text) refers to llshl.o(.text) for __aeabi_llsl
    init.o(.text) refers to entry5.o(.ARM.Collect$$$$00000004) for __main_after_scatterload
    depilogue.o(.text) refers to depilogue.o(i.__ARM_clz) for __ARM_clz
    depilogue.o(.text) refers to llshl.o(.text) for __aeabi_llsl
    depilogue.o(.text) refers to llushr.o(.text) for __aeabi_llsr


==============================================================================

Removing Unused input sections from the image.

    Removing main.o(.rev16_text), (4 bytes).
    Removing main.o(.revsh_text), (4 bytes).
    Removing main.o(i.FLEXCAN_GetStatusFlags), (6 bytes).
    Removing bootloader.o(.rev16_text), (4 bytes).
    Removing bootloader.o(.revsh_text), (4 bytes).
    Removing bootloader.o(i.BOOTLOAD2APP), (132 bytes).
    Removing bootloader.o(i.FLEXCAN_GetStatusFlags), (6 bytes).
    Removing can.o(.rev16_text), (4 bytes).
    Removing can.o(.revsh_text), (4 bytes).
    Removing can.o(i.Can_Get_Rx_Id), (28 bytes).
    Removing can.o(i.Can_Is_Ext_18_Frame), (42 bytes).
    Removing can.o(i.Can_TxMessage_Test), (32 bytes).
    Removing can_receive.o(.rev16_text), (4 bytes).
    Removing can_receive.o(.revsh_text), (4 bytes).
    Removing can_receive.o(i.CAN_ReceiveTest_Read), (48 bytes).
    Removing can_receive.o(i.FLEXCAN_GetStatusFlags), (6 bytes).
    Removing startup_mm32f0140_keil.o(HEAP), (512 bytes).
    Removing system_mm32f0140_1.o(.rev16_text), (4 bytes).
    Removing system_mm32f0140_1.o(.revsh_text), (4 bytes).
    Removing hal_adc.o(.rev16_text), (4 bytes).
    Removing hal_adc.o(.revsh_text), (4 bytes).
    Removing hal_adc.o(i.ADC_ANY_CH_Config), (70 bytes).
    Removing hal_adc.o(i.ADC_ANY_Cmd), (24 bytes).
    Removing hal_adc.o(i.ADC_ANY_NUM_Config), (10 bytes).
    Removing hal_adc.o(i.ADC_AnalogWatchdogCmd), (24 bytes).
    Removing hal_adc.o(i.ADC_AnalogWatchdogSingleChannelConfig), (20 bytes).
    Removing hal_adc.o(i.ADC_AnalogWatchdogThresholdsConfig), (12 bytes).
    Removing hal_adc.o(i.ADC_AutoInjectedConvCmd), (24 bytes).
    Removing hal_adc.o(i.ADC_ClearFlag), (24 bytes).
    Removing hal_adc.o(i.ADC_ClearITPendingBit), (24 bytes).
    Removing hal_adc.o(i.ADC_Cmd), (24 bytes).
    Removing hal_adc.o(i.ADC_DMACmd), (24 bytes).
    Removing hal_adc.o(i.ADC_DeInit), (32 bytes).
    Removing hal_adc.o(i.ADC_ExternalTrigConvCmd), (24 bytes).
    Removing hal_adc.o(i.ADC_ExternalTrigConvConfig), (20 bytes).
    Removing hal_adc.o(i.ADC_ExternalTrigInjectedConvCmd), (24 bytes).
    Removing hal_adc.o(i.ADC_ExternalTrigInjectedConvertConfig), (22 bytes).
    Removing hal_adc.o(i.ADC_GetChannelConvertedValue), (14 bytes).
    Removing hal_adc.o(i.ADC_GetConversionValue), (8 bytes).
    Removing hal_adc.o(i.ADC_GetDualModeConversionValue), (12 bytes).
    Removing hal_adc.o(i.ADC_GetFlagStatus), (22 bytes).
    Removing hal_adc.o(i.ADC_GetITStatus), (22 bytes).
    Removing hal_adc.o(i.ADC_GetInjectedConversionValue), (20 bytes).
    Removing hal_adc.o(i.ADC_GetInjectedCurrentConvertedValue), (10 bytes).
    Removing hal_adc.o(i.ADC_GetSoftwareStartConvStatus), (14 bytes).
    Removing hal_adc.o(i.ADC_ITConfig), (54 bytes).
    Removing hal_adc.o(i.ADC_Init), (56 bytes).
    Removing hal_adc.o(i.ADC_InjectedConvCmd), (24 bytes).
    Removing hal_adc.o(i.ADC_InjectedSequencerChannelConfig), (42 bytes).
    Removing hal_adc.o(i.ADC_InjectedSequencerConfig), (32 bytes).
    Removing hal_adc.o(i.ADC_InjectedSequencerLengthConfig), (28 bytes).
    Removing hal_adc.o(i.ADC_RegularChannelConfig), (132 bytes).
    Removing hal_adc.o(i.ADC_SetInjectedOffset), (8 bytes).
    Removing hal_adc.o(i.ADC_SoftwareStartConvCmd), (28 bytes).
    Removing hal_adc.o(i.ADC_SoftwareStartInjectedConvCmd), (24 bytes).
    Removing hal_adc.o(i.ADC_StructInit), (16 bytes).
    Removing hal_adc.o(i.ADC_TempSensorCmd), (12 bytes).
    Removing hal_adc.o(i.ADC_TempSensorVrefintCmd), (36 bytes).
    Removing hal_adc.o(i.ADC_VrefintCmd), (12 bytes).
    Removing hal_adc.o(i.exADC_TempSensorVrefintCmd), (88 bytes).
    Removing hal_comp.o(.rev16_text), (4 bytes).
    Removing hal_comp.o(.revsh_text), (4 bytes).
    Removing hal_comp.o(i.COMP_Cmd), (44 bytes).
    Removing hal_comp.o(i.COMP_DeInit), (16 bytes).
    Removing hal_comp.o(i.COMP_GetOutputLevel), (32 bytes).
    Removing hal_comp.o(i.COMP_Init), (44 bytes).
    Removing hal_comp.o(i.COMP_LockConfig), (24 bytes).
    Removing hal_comp.o(i.COMP_POLL_Init), (28 bytes).
    Removing hal_comp.o(i.COMP_SetCrv), (36 bytes).
    Removing hal_comp.o(i.COMP_StructInit), (30 bytes).
    Removing hal_comp.o(i.COMP_SwitchCmd), (44 bytes).
    Removing hal_comp.o(i.exCOMP_CrvCmd), (36 bytes).
    Removing hal_comp.o(i.exCOMP_CrvSrc), (16 bytes).
    Removing hal_comp.o(i.exCOMP_SwitchCrv), (16 bytes).
    Removing hal_crc.o(.rev16_text), (4 bytes).
    Removing hal_crc.o(.revsh_text), (4 bytes).
    Removing hal_crc.o(i.CRC_CalcBlockCRC), (36 bytes).
    Removing hal_crc.o(i.CRC_CalcCRC), (16 bytes).
    Removing hal_crc.o(i.CRC_GetCRC), (12 bytes).
    Removing hal_crc.o(i.CRC_GetIDRegister), (12 bytes).
    Removing hal_crc.o(i.CRC_ResetDR), (12 bytes).
    Removing hal_crc.o(i.CRC_RevData), (16 bytes).
    Removing hal_crc.o(i.CRC_SetIDRegister), (12 bytes).
    Removing hal_dbg.o(.rev16_text), (4 bytes).
    Removing hal_dbg.o(.revsh_text), (4 bytes).
    Removing hal_dbg.o(i.DBGMCU_Configure), (32 bytes).
    Removing hal_div.o(.rev16_text), (4 bytes).
    Removing hal_div.o(.revsh_text), (4 bytes).
    Removing hal_div.o(i.Divider_Calc), (16 bytes).
    Removing hal_div.o(i.HWDivider_Calc), (36 bytes).
    Removing hal_div.o(i.HWDivider_Init), (24 bytes).
    Removing hal_dma.o(.rev16_text), (4 bytes).
    Removing hal_dma.o(.revsh_text), (4 bytes).
    Removing hal_dma.o(i.DMA_ClearFlag), (12 bytes).
    Removing hal_dma.o(i.DMA_ClearITPendingBit), (12 bytes).
    Removing hal_dma.o(i.DMA_Cmd), (12 bytes).
    Removing hal_dma.o(i.DMA_DeInit), (56 bytes).
    Removing hal_dma.o(i.DMA_GetCurrDataCounter), (8 bytes).
    Removing hal_dma.o(i.DMA_GetFlagStatus), (24 bytes).
    Removing hal_dma.o(i.DMA_GetITStatus), (24 bytes).
    Removing hal_dma.o(i.DMA_ITConfig), (20 bytes).
    Removing hal_dma.o(i.DMA_Init), (76 bytes).
    Removing hal_dma.o(i.DMA_SetCurrDataCounter), (4 bytes).
    Removing hal_dma.o(i.DMA_StructInit), (28 bytes).
    Removing hal_dma.o(i.exDMA_ClearITPendingBit), (44 bytes).
    Removing hal_dma.o(i.exDMA_SetMemoryAddress), (4 bytes).
    Removing hal_dma.o(i.exDMA_SetPeripheralAddress), (4 bytes).
    Removing hal_dma.o(i.exDMA_SetTransmitLen), (4 bytes).
    Removing hal_exti.o(.rev16_text), (4 bytes).
    Removing hal_exti.o(.revsh_text), (4 bytes).
    Removing hal_exti.o(i.EXTI_ClearFlag), (12 bytes).
    Removing hal_exti.o(i.EXTI_ClearITPendingBit), (12 bytes).
    Removing hal_exti.o(i.EXTI_DMAChannelRemapConfig), (32 bytes).
    Removing hal_exti.o(i.EXTI_DeInit), (64 bytes).
    Removing hal_exti.o(i.EXTI_GenerateSWInterrupt), (16 bytes).
    Removing hal_exti.o(i.EXTI_GetFlagStatus), (24 bytes).
    Removing hal_exti.o(i.EXTI_GetITStatus), (36 bytes).
    Removing hal_exti.o(i.EXTI_Init), (192 bytes).
    Removing hal_exti.o(i.EXTI_LineConfig), (60 bytes).
    Removing hal_exti.o(i.EXTI_MemoryRemapConfig), (20 bytes).
    Removing hal_exti.o(i.EXTI_StructInit), (16 bytes).
    Removing hal_exti.o(i.exEXTI_GetAllFlagStatus), (12 bytes).
    Removing hal_exti.o(i.exEXTI_LineDisable), (40 bytes).
    Removing hal_flash.o(.rev16_text), (4 bytes).
    Removing hal_flash.o(.revsh_text), (4 bytes).
    Removing hal_flash.o(i.FLASH_ClearFlag), (12 bytes).
    Removing hal_flash.o(i.FLASH_EnableWriteProtection), (56 bytes).
    Removing hal_flash.o(i.FLASH_EraseAllPages), (40 bytes).
    Removing hal_flash.o(i.FLASH_EraseOptionBytes), (44 bytes).
    Removing hal_flash.o(i.FLASH_ErasePage), (48 bytes).
    Removing hal_flash.o(i.FLASH_GetFlagStatus), (36 bytes).
    Removing hal_flash.o(i.FLASH_GetPrefetchBufferStatus), (16 bytes).
    Removing hal_flash.o(i.FLASH_GetStatus), (56 bytes).
    Removing hal_flash.o(i.FLASH_GetUserOptionByte), (12 bytes).
    Removing hal_flash.o(i.FLASH_GetWriteProtectionOptionByte), (12 bytes).
    Removing hal_flash.o(i.FLASH_HalfCycleAccessCmd), (28 bytes).
    Removing hal_flash.o(i.FLASH_ITConfig), (32 bytes).
    Removing hal_flash.o(i.FLASH_Lock), (20 bytes).
    Removing hal_flash.o(i.FLASH_OPTB_Enable), (24 bytes).
    Removing hal_flash.o(i.FLASH_PrefetchBufferCmd), (28 bytes).
    Removing hal_flash.o(i.FLASH_ProgramHalfWord), (32 bytes).
    Removing hal_flash.o(i.FLASH_ProgramOptionByteData), (76 bytes).
    Removing hal_flash.o(i.FLASH_ProgramOptionHalfWord), (40 bytes).
    Removing hal_flash.o(i.FLASH_ProgramProtect), (16 bytes).
    Removing hal_flash.o(i.FLASH_ProgramWord), (34 bytes).
    Removing hal_flash.o(i.FLASH_SetLatency), (20 bytes).
    Removing hal_flash.o(i.FLASH_Unlock), (24 bytes).
    Removing hal_flash.o(i.FLASH_UserOptionByteConfig), (72 bytes).
    Removing hal_flash.o(i.FLASH_WaitForLastOperation), (64 bytes).
    Removing hal_flash.o(i.exFLASH_EraseEE), (20 bytes).
    Removing hal_flash.o(i.exFLASH_FindEmpty), (44 bytes).
    Removing hal_flash.o(i.exFLASH_Locate), (70 bytes).
    Removing hal_flash.o(i.exFLASH_ProgramEE), (48 bytes).
    Removing hal_flash.o(i.exFLASH_ReadEE), (36 bytes).
    Removing hal_flash.o(i.exFLASH_WriteEE), (132 bytes).
    Removing hal_flexcan.o(.rev16_text), (4 bytes).
    Removing hal_flexcan.o(.revsh_text), (4 bytes).
    Removing hal_flexcan.o(i.FLEXCAN_CalculateImprovedTimingValues), (100 bytes).
    Removing hal_flexcan.o(i.FLEXCAN_CheckUnhandleInterruptEvents), (76 bytes).
    Removing hal_flexcan.o(i.FLEXCAN_ClearMbStatusFlags), (4 bytes).
    Removing hal_flexcan.o(i.FLEXCAN_ClearStatusFlags), (4 bytes).
    Removing hal_flexcan.o(i.FLEXCAN_Deinit), (20 bytes).
    Removing hal_flexcan.o(i.FLEXCAN_DisableMbInterrupts), (8 bytes).
    Removing hal_flexcan.o(i.FLEXCAN_EnableMbInterrupts), (8 bytes).
    Removing hal_flexcan.o(i.FLEXCAN_EnableRxFifoDMA), (58 bytes).
    Removing hal_flexcan.o(i.FLEXCAN_GetMbStatusFlags), (8 bytes).
    Removing hal_flexcan.o(i.FLEXCAN_GetSegments), (164 bytes).
    Removing hal_flexcan.o(i.FLEXCAN_GetStatusFlags), (6 bytes).
    Removing hal_flexcan.o(i.FLEXCAN_GetTimeStamp), (14 bytes).
    Removing hal_flexcan.o(i.FLEXCAN_IsMbIntEnabled), (30 bytes).
    Removing hal_flexcan.o(i.FLEXCAN_IsMbOccupied), (50 bytes).
    Removing hal_flexcan.o(i.FLEXCAN_ReadRxMb), (176 bytes).
    Removing hal_flexcan.o(i.FLEXCAN_SetRxFifoGlobalMask), (22 bytes).
    Removing hal_flexcan.o(i.FLEXCAN_SetRxMbGlobalMask), (26 bytes).
    Removing hal_flexcan.o(i.FLEXCAN_SubHandlerForDataTransfered), (312 bytes).
    Removing hal_flexcan.o(i.FLEXCAN_TransferAbortReceive), (40 bytes).
    Removing hal_flexcan.o(i.FLEXCAN_TransferAbortReceiveFifo), (44 bytes).
    Removing hal_flexcan.o(i.FLEXCAN_TransferAbortSend), (66 bytes).
    Removing hal_flexcan.o(i.FLEXCAN_TransferCreateHandle), (116 bytes).
    Removing hal_flexcan.o(i.FLEXCAN_TransferHandleIRQ), (120 bytes).
    Removing hal_flexcan.o(i.FLEXCAN_TransferReceiveBlocking), (52 bytes).
    Removing hal_flexcan.o(i.FLEXCAN_TransferReceiveFifoBlocking), (42 bytes).
    Removing hal_flexcan.o(i.FLEXCAN_TransferReceiveFifoNonBlocking), (52 bytes).
    Removing hal_flexcan.o(i.FLEXCAN_TransferReceiveNonBlocking), (70 bytes).
    Removing hal_flexcan.o(i.FLEXCAN_TransferSendBlocking), (82 bytes).
    Removing hal_flexcan.o(i.FLEXCAN_TransferSendNonBlocking), (114 bytes).
    Removing hal_gpio.o(.rev16_text), (4 bytes).
    Removing hal_gpio.o(.revsh_text), (4 bytes).
    Removing hal_gpio.o(i.GPIO_AFIODeInit), (52 bytes).
    Removing hal_gpio.o(i.GPIO_DeInit), (86 bytes).
    Removing hal_gpio.o(i.GPIO_PinLock), (20 bytes).
    Removing hal_gpio.o(i.GPIO_PinLockConfig), (24 bytes).
    Removing hal_gpio.o(i.GPIO_ReadInputData), (8 bytes).
    Removing hal_gpio.o(i.GPIO_ReadInputDataBit), (18 bytes).
    Removing hal_gpio.o(i.GPIO_ReadOutputData), (8 bytes).
    Removing hal_gpio.o(i.GPIO_ReadOutputDataBit), (18 bytes).
    Removing hal_gpio.o(i.GPIO_ResetBits), (4 bytes).
    Removing hal_gpio.o(i.GPIO_SetBits), (4 bytes).
    Removing hal_gpio.o(i.GPIO_Write), (4 bytes).
    Removing hal_gpio.o(i.GPIO_WriteBit), (12 bytes).
    Removing hal_gpio.o(i.exGPIO_PinAFConfig), (74 bytes).
    Removing hal_i2c.o(.rev16_text), (4 bytes).
    Removing hal_i2c.o(.revsh_text), (4 bytes).
    Removing hal_i2c.o(i.I2C_CheckEvent), (44 bytes).
    Removing hal_i2c.o(i.I2C_ClearFlag), (126 bytes).
    Removing hal_i2c.o(i.I2C_ClearITPendingBit), (126 bytes).
    Removing hal_i2c.o(i.I2C_Cmd), (24 bytes).
    Removing hal_i2c.o(i.I2C_DMACmd), (60 bytes).
    Removing hal_i2c.o(i.I2C_DMAConfigure), (10 bytes).
    Removing hal_i2c.o(i.I2C_DeInit), (32 bytes).
    Removing hal_i2c.o(i.I2C_DualAddressCmd), (32 bytes).
    Removing hal_i2c.o(i.I2C_GeneralCallCmd), (28 bytes).
    Removing hal_i2c.o(i.I2C_GenerateSTART), (24 bytes).
    Removing hal_i2c.o(i.I2C_GenerateSTOP), (48 bytes).
    Removing hal_i2c.o(i.I2C_GetFlagStatus), (72 bytes).
    Removing hal_i2c.o(i.I2C_GetITStatus), (18 bytes).
    Removing hal_i2c.o(i.I2C_GetLastEvent), (16 bytes).
    Removing hal_i2c.o(i.I2C_GetSlaveReceivedAddr), (8 bytes).
    Removing hal_i2c.o(i.I2C_ITConfig), (36 bytes).
    Removing hal_i2c.o(i.I2C_Init), (200 bytes).
    Removing hal_i2c.o(i.I2C_OwnAddress2Config), (14 bytes).
    Removing hal_i2c.o(i.I2C_ReadCmd), (8 bytes).
    Removing hal_i2c.o(i.I2C_ReadRegister), (6 bytes).
    Removing hal_i2c.o(i.I2C_ReceiveData), (20 bytes).
    Removing hal_i2c.o(i.I2C_Send7bitAddress), (6 bytes).
    Removing hal_i2c.o(i.I2C_SendData), (4 bytes).
    Removing hal_i2c.o(i.I2C_SendSlaveAddress), (6 bytes).
    Removing hal_i2c.o(i.I2C_SlaveConfigure), (24 bytes).
    Removing hal_i2c.o(i.I2C_SlaveReceivedAddressMask), (6 bytes).
    Removing hal_i2c.o(i.I2C_StructInit), (24 bytes).
    Removing hal_i2c.o(.data), (4 bytes).
    Removing hal_iwdg.o(.rev16_text), (4 bytes).
    Removing hal_iwdg.o(.revsh_text), (4 bytes).
    Removing hal_iwdg.o(i.IVU_CheckStatus), (16 bytes).
    Removing hal_iwdg.o(i.IWDG_ClearIT), (20 bytes).
    Removing hal_iwdg.o(i.IWDG_ClearITPendingBit), (20 bytes).
    Removing hal_iwdg.o(i.IWDG_Enable), (16 bytes).
    Removing hal_iwdg.o(i.IWDG_EnableIT), (20 bytes).
    Removing hal_iwdg.o(i.IWDG_GetCnt), (16 bytes).
    Removing hal_iwdg.o(i.IWDG_GetFlagStatus), (24 bytes).
    Removing hal_iwdg.o(i.IWDG_GetPS), (12 bytes).
    Removing hal_iwdg.o(i.IWDG_GetReload), (12 bytes).
    Removing hal_iwdg.o(i.IWDG_OverflowConfig), (28 bytes).
    Removing hal_iwdg.o(i.IWDG_ReloadCounter), (16 bytes).
    Removing hal_iwdg.o(i.IWDG_Reset), (20 bytes).
    Removing hal_iwdg.o(i.IWDG_SetIGen), (12 bytes).
    Removing hal_iwdg.o(i.IWDG_SetPrescaler), (20 bytes).
    Removing hal_iwdg.o(i.IWDG_SetReload), (20 bytes).
    Removing hal_iwdg.o(i.IWDG_WriteAccessCmd), (12 bytes).
    Removing hal_iwdg.o(i.PVU_CheckStatus), (16 bytes).
    Removing hal_iwdg.o(i.RVU_CheckStatus), (16 bytes).
    Removing hal_misc.o(.rev16_text), (4 bytes).
    Removing hal_misc.o(.revsh_text), (4 bytes).
    Removing hal_misc.o(i.NVIC_SystemLPConfig), (32 bytes).
    Removing hal_misc.o(i.SysTick_CLKSourceConfig), (36 bytes).
    Removing hal_misc.o(i.exNVIC_Init), (104 bytes).
    Removing hal_pwr.o(.rev16_text), (4 bytes).
    Removing hal_pwr.o(.revsh_text), (4 bytes).
    Removing hal_pwr.o(i.PWR_ClearFlag), (20 bytes).
    Removing hal_pwr.o(i.PWR_DeInit), (12 bytes).
    Removing hal_pwr.o(i.PWR_EnterSTANDBYMode), (40 bytes).
    Removing hal_pwr.o(i.PWR_EnterSTOPMode), (64 bytes).
    Removing hal_pwr.o(i.PWR_GetFlagStatus), (16 bytes).
    Removing hal_pwr.o(i.PWR_PVDCmd), (36 bytes).
    Removing hal_pwr.o(i.PWR_PVDLevelConfig), (24 bytes).
    Removing hal_pwr.o(i.PWR_WakeUpPinCmd), (40 bytes).
    Removing hal_pwr.o(i.exPWR_EnterLowPowerMode), (52 bytes).
    Removing hal_rcc.o(.rev16_text), (4 bytes).
    Removing hal_rcc.o(.revsh_text), (4 bytes).
    Removing hal_rcc.o(i.RCC_ADCCLKConfig), (24 bytes).
    Removing hal_rcc.o(i.RCC_ADC_ClockCmd), (60 bytes).
    Removing hal_rcc.o(i.RCC_AHBPeriphReset), (24 bytes).
    Removing hal_rcc.o(i.RCC_AHBPeriphResetCmd), (32 bytes).
    Removing hal_rcc.o(i.RCC_APB1PeriphReset), (24 bytes).
    Removing hal_rcc.o(i.RCC_APB1PeriphResetCmd), (32 bytes).
    Removing hal_rcc.o(i.RCC_APB2PeriphReset), (24 bytes).
    Removing hal_rcc.o(i.RCC_APB2PeriphResetCmd), (32 bytes).
    Removing hal_rcc.o(i.RCC_COMP_ClockCmd), (52 bytes).
    Removing hal_rcc.o(i.RCC_CRC_ClockCmd), (48 bytes).
    Removing hal_rcc.o(i.RCC_ClearFlag), (20 bytes).
    Removing hal_rcc.o(i.RCC_ClearITPendingBit), (20 bytes).
    Removing hal_rcc.o(i.RCC_ClockSecuritySystemCmd), (24 bytes).
    Removing hal_rcc.o(i.RCC_DIV_ClockCmd), (52 bytes).
    Removing hal_rcc.o(i.RCC_DMA_ClockCmd), (48 bytes).
    Removing hal_rcc.o(i.RCC_DeInit), (72 bytes).
    Removing hal_rcc.o(i.RCC_GPIO_ClockCmd), (184 bytes).
    Removing hal_rcc.o(i.RCC_GetClocksFreq), (72 bytes).
    Removing hal_rcc.o(i.RCC_GetFlagStatus), (56 bytes).
    Removing hal_rcc.o(i.RCC_GetITStatus), (16 bytes).
    Removing hal_rcc.o(i.RCC_GetSYSCLKSource), (16 bytes).
    Removing hal_rcc.o(i.RCC_HCLKConfig), (20 bytes).
    Removing hal_rcc.o(i.RCC_HSEConfig), (88 bytes).
    Removing hal_rcc.o(i.RCC_HSICmd), (20 bytes).
    Removing hal_rcc.o(i.RCC_ITConfig), (36 bytes).
    Removing hal_rcc.o(i.RCC_LSICmd), (36 bytes).
    Removing hal_rcc.o(i.RCC_MCOConfig), (24 bytes).
    Removing hal_rcc.o(i.RCC_PCLK1Config), (24 bytes).
    Removing hal_rcc.o(i.RCC_PCLK2Config), (24 bytes).
    Removing hal_rcc.o(i.RCC_PLLCmd), (24 bytes).
    Removing hal_rcc.o(i.RCC_PLLConfig), (88 bytes).
    Removing hal_rcc.o(i.RCC_PLLDMDNConfig), (32 bytes).
    Removing hal_rcc.o(i.RCC_SYSCLKConfig), (20 bytes).
    Removing hal_rcc.o(i.RCC_UART_ClockCmd), (96 bytes).
    Removing hal_rcc.o(i.RCC_WaitForFlagStartUp), (38 bytes).
    Removing hal_rcc.o(i.RCC_WaitForHSEStartUp), (46 bytes).
    Removing hal_rcc.o(i.__NVIC_SetPriority), (120 bytes).
    Removing hal_rcc.o(i.exRCC_AHBPeriphReset), (24 bytes).
    Removing hal_rcc.o(i.exRCC_APB1PeriphReset), (24 bytes).
    Removing hal_rcc.o(i.exRCC_APB2PeriphReset), (24 bytes).
    Removing hal_rcc.o(i.exRCC_BackupReset), (2 bytes).
    Removing hal_rcc.o(i.exRCC_SystickDisable), (20 bytes).
    Removing hal_rcc.o(i.exRCC_SystickEnable), (72 bytes).
    Removing hal_spi.o(.rev16_text), (4 bytes).
    Removing hal_spi.o(.revsh_text), (4 bytes).
    Removing hal_spi.o(i.I2S_Cmd), (28 bytes).
    Removing hal_spi.o(i.I2S_Init), (380 bytes).
    Removing hal_spi.o(i.SPI_BiDirectionalLineConfig), (64 bytes).
    Removing hal_spi.o(i.SPI_CSInternalSelected), (24 bytes).
    Removing hal_spi.o(i.SPI_ClearITPendingBit), (8 bytes).
    Removing hal_spi.o(i.SPI_Cmd), (24 bytes).
    Removing hal_spi.o(i.SPI_DMACmd), (28 bytes).
    Removing hal_spi.o(i.SPI_DataSizeConfig), (20 bytes).
    Removing hal_spi.o(i.SPI_DataSizeTypeConfig), (18 bytes).
    Removing hal_spi.o(i.SPI_DeInit), (72 bytes).
    Removing hal_spi.o(i.SPI_FifoTrigger), (20 bytes).
    Removing hal_spi.o(i.SPI_GetFlagStatus), (18 bytes).
    Removing hal_spi.o(i.SPI_GetITStatus), (18 bytes).
    Removing hal_spi.o(i.SPI_ITConfig), (38 bytes).
    Removing hal_spi.o(i.SPI_Init), (140 bytes).
    Removing hal_spi.o(i.SPI_NSSInternalSoftwareConfig), (28 bytes).
    Removing hal_spi.o(i.SPI_ReceiveData), (50 bytes).
    Removing hal_spi.o(i.SPI_RxBytes), (4 bytes).
    Removing hal_spi.o(i.SPI_SendData), (42 bytes).
    Removing hal_spi.o(i.SPI_SlaveAdjust), (24 bytes).
    Removing hal_spi.o(i.SPI_StructInit), (32 bytes).
    Removing hal_spi.o(i.exSPI_CSInternalSelected), (24 bytes).
    Removing hal_spi.o(i.exSPI_DMACmd), (28 bytes).
    Removing hal_spi.o(i.exSPI_DataEdgeAdjust), (58 bytes).
    Removing hal_spi.o(i.exSPI_ITCmd), (24 bytes).
    Removing hal_spi.o(i.exSPI_ITConfig), (20 bytes).
    Removing hal_tim.o(.rev16_text), (4 bytes).
    Removing hal_tim.o(.revsh_text), (4 bytes).
    Removing hal_tim.o(i.TI1_Configure), (32 bytes).
    Removing hal_tim.o(i.TI2_Configure), (38 bytes).
    Removing hal_tim.o(i.TI3_Configure), (38 bytes).
    Removing hal_tim.o(i.TI4_Configure), (42 bytes).
    Removing hal_tim.o(i.TIM_ARRPreloadConfig), (24 bytes).
    Removing hal_tim.o(i.TIM_BDTRConfig), (30 bytes).
    Removing hal_tim.o(i.TIM_BDTRStructInit), (18 bytes).
    Removing hal_tim.o(i.TIM_CCPreloadControl), (24 bytes).
    Removing hal_tim.o(i.TIM_CCxCmd), (20 bytes).
    Removing hal_tim.o(i.TIM_CCxNCmd), (24 bytes).
    Removing hal_tim.o(i.TIM_ClearFlag), (8 bytes).
    Removing hal_tim.o(i.TIM_ClearITPendingBit), (8 bytes).
    Removing hal_tim.o(i.TIM_ClearOC1Ref), (12 bytes).
    Removing hal_tim.o(i.TIM_ClearOC2Ref), (16 bytes).
    Removing hal_tim.o(i.TIM_ClearOC3Ref), (12 bytes).
    Removing hal_tim.o(i.TIM_ClearOC4Ref), (16 bytes).
    Removing hal_tim.o(i.TIM_Cmd), (24 bytes).
    Removing hal_tim.o(i.TIM_CounterModeConfig), (12 bytes).
    Removing hal_tim.o(i.TIM_CtrlPWMOutputs), (28 bytes).
    Removing hal_tim.o(i.TIM_DMACmd), (20 bytes).
    Removing hal_tim.o(i.TIM_DMAConfig), (8 bytes).
    Removing hal_tim.o(i.TIM_DeInit), (124 bytes).
    Removing hal_tim.o(i.TIM_ETRClockMode1Config), (34 bytes).
    Removing hal_tim.o(i.TIM_ETRClockMode2Config), (34 bytes).
    Removing hal_tim.o(i.TIM_ETRConfig), (50 bytes).
    Removing hal_tim.o(i.TIM_EncoderInterfaceConfig), (44 bytes).
    Removing hal_tim.o(i.TIM_ForcedOC1Config), (12 bytes).
    Removing hal_tim.o(i.TIM_ForcedOC2Config), (16 bytes).
    Removing hal_tim.o(i.TIM_ForcedOC3Config), (12 bytes).
    Removing hal_tim.o(i.TIM_ForcedOC4Config), (16 bytes).
    Removing hal_tim.o(i.TIM_GenerateEvent), (4 bytes).
    Removing hal_tim.o(i.TIM_GetCapture1), (6 bytes).
    Removing hal_tim.o(i.TIM_GetCapture2), (6 bytes).
    Removing hal_tim.o(i.TIM_GetCapture3), (6 bytes).
    Removing hal_tim.o(i.TIM_GetCapture4), (6 bytes).
    Removing hal_tim.o(i.TIM_GetCapture5), (6 bytes).
    Removing hal_tim.o(i.TIM_GetCounter), (6 bytes).
    Removing hal_tim.o(i.TIM_GetFlagStatus), (18 bytes).
    Removing hal_tim.o(i.TIM_GetITStatus), (26 bytes).
    Removing hal_tim.o(i.TIM_GetPrescaler), (8 bytes).
    Removing hal_tim.o(i.TIM_ICInit), (120 bytes).
    Removing hal_tim.o(i.TIM_ICStructInit), (18 bytes).
    Removing hal_tim.o(i.TIM_ITConfig), (20 bytes).
    Removing hal_tim.o(i.TIM_ITRxExternalClockConfig), (24 bytes).
    Removing hal_tim.o(i.TIM_InternalClockConfig), (10 bytes).
    Removing hal_tim.o(i.TIM_OC1FastConfig), (12 bytes).
    Removing hal_tim.o(i.TIM_OC1Init), (100 bytes).
    Removing hal_tim.o(i.TIM_OC1NPolarityConfig), (12 bytes).
    Removing hal_tim.o(i.TIM_OC1PolarityConfig), (12 bytes).
    Removing hal_tim.o(i.TIM_OC1PreloadConfig), (12 bytes).
    Removing hal_tim.o(i.TIM_OC2FastConfig), (16 bytes).
    Removing hal_tim.o(i.TIM_OC2Init), (96 bytes).
    Removing hal_tim.o(i.TIM_OC2NPolarityConfig), (14 bytes).
    Removing hal_tim.o(i.TIM_OC2PolarityConfig), (14 bytes).
    Removing hal_tim.o(i.TIM_OC2PreloadConfig), (16 bytes).
    Removing hal_tim.o(i.TIM_OC3FastConfig), (12 bytes).
    Removing hal_tim.o(i.TIM_OC3Init), (92 bytes).
    Removing hal_tim.o(i.TIM_OC3NPolarityConfig), (16 bytes).
    Removing hal_tim.o(i.TIM_OC3PolarityConfig), (16 bytes).
    Removing hal_tim.o(i.TIM_OC3PreloadConfig), (12 bytes).
    Removing hal_tim.o(i.TIM_OC4FastConfig), (16 bytes).
    Removing hal_tim.o(i.TIM_OC4Init), (72 bytes).
    Removing hal_tim.o(i.TIM_OC4PolarityConfig), (16 bytes).
    Removing hal_tim.o(i.TIM_OC4PreloadConfig), (16 bytes).
    Removing hal_tim.o(i.TIM_OC5PreloadConfig), (12 bytes).
    Removing hal_tim.o(i.TIM_OCStructInit), (20 bytes).
    Removing hal_tim.o(i.TIM_PWMIConfig), (128 bytes).
    Removing hal_tim.o(i.TIM_PWMShiftConfig), (20 bytes).
    Removing hal_tim.o(i.TIM_PrescalerConfig), (6 bytes).
    Removing hal_tim.o(i.TIM_SelectCCDMA), (24 bytes).
    Removing hal_tim.o(i.TIM_SelectCOM), (24 bytes).
    Removing hal_tim.o(i.TIM_SelectHallSensor), (24 bytes).
    Removing hal_tim.o(i.TIM_SelectInputTrigger), (12 bytes).
    Removing hal_tim.o(i.TIM_SelectMasterSlaveMode), (12 bytes).
    Removing hal_tim.o(i.TIM_SelectOCxM), (92 bytes).
    Removing hal_tim.o(i.TIM_SelectOnePulseMode), (12 bytes).
    Removing hal_tim.o(i.TIM_SelectOutputTrigger), (12 bytes).
    Removing hal_tim.o(i.TIM_SelectSlaveMode), (12 bytes).
    Removing hal_tim.o(i.TIM_SetAutoreload), (4 bytes).
    Removing hal_tim.o(i.TIM_SetCCR1FALL), (16 bytes).
    Removing hal_tim.o(i.TIM_SetCCR2FALL), (16 bytes).
    Removing hal_tim.o(i.TIM_SetCCR3FALL), (16 bytes).
    Removing hal_tim.o(i.TIM_SetCCR4FALL), (16 bytes).
    Removing hal_tim.o(i.TIM_SetCCR5FALL), (16 bytes).
    Removing hal_tim.o(i.TIM_SetClockDivision), (14 bytes).
    Removing hal_tim.o(i.TIM_SetCompare1), (18 bytes).
    Removing hal_tim.o(i.TIM_SetCompare2), (18 bytes).
    Removing hal_tim.o(i.TIM_SetCompare3), (18 bytes).
    Removing hal_tim.o(i.TIM_SetCompare4), (18 bytes).
    Removing hal_tim.o(i.TIM_SetCompare5), (6 bytes).
    Removing hal_tim.o(i.TIM_SetCounter), (18 bytes).
    Removing hal_tim.o(i.TIM_SetIC1Plority), (24 bytes).
    Removing hal_tim.o(i.TIM_SetIC1Prescaler), (12 bytes).
    Removing hal_tim.o(i.TIM_SetIC2Plority), (24 bytes).
    Removing hal_tim.o(i.TIM_SetIC2Prescaler), (16 bytes).
    Removing hal_tim.o(i.TIM_SetIC3Plority), (28 bytes).
    Removing hal_tim.o(i.TIM_SetIC3Prescaler), (12 bytes).
    Removing hal_tim.o(i.TIM_SetIC4Plority), (28 bytes).
    Removing hal_tim.o(i.TIM_SetIC4Prescaler), (16 bytes).
    Removing hal_tim.o(i.TIM_TIxExternalClockConfig), (58 bytes).
    Removing hal_tim.o(i.TIM_TimeBaseInit), (108 bytes).
    Removing hal_tim.o(i.TIM_TimeBaseStructInit), (18 bytes).
    Removing hal_tim.o(i.TIM_UpdateDisableConfig), (24 bytes).
    Removing hal_tim.o(i.TIM_UpdateRequestConfig), (12 bytes).
    Removing hal_uart.o(.rev16_text), (4 bytes).
    Removing hal_uart.o(.revsh_text), (4 bytes).
    Removing hal_uart.o(i.UART_AutoBaudRateCmd), (24 bytes).
    Removing hal_uart.o(i.UART_AutoBaudRateSet), (178 bytes).
    Removing hal_uart.o(i.UART_ClearITPendingBit), (4 bytes).
    Removing hal_uart.o(i.UART_DMACmd), (18 bytes).
    Removing hal_uart.o(i.UART_DeInit), (44 bytes).
    Removing hal_uart.o(i.UART_Enable9bit), (16 bytes).
    Removing hal_uart.o(i.UART_GetITStatus), (18 bytes).
    Removing hal_uart.o(i.UART_HalfDuplexCmd), (16 bytes).
    Removing hal_uart.o(i.UART_ITConfig), (20 bytes).
    Removing hal_uart.o(i.UART_ReceiveData), (8 bytes).
    Removing hal_uart.o(i.UART_ReceiverWakeUpCmd), (16 bytes).
    Removing hal_uart.o(i.UART_SendBreak), (10 bytes).
    Removing hal_uart.o(i.UART_Set9bitAutomaticToggle), (16 bytes).
    Removing hal_uart.o(i.UART_Set9bitLevel), (16 bytes).
    Removing hal_uart.o(i.UART_Set9bitPolarity), (14 bytes).
    Removing hal_uart.o(i.UART_SetGuardTime), (16 bytes).
    Removing hal_uart.o(i.UART_SetLIN), (16 bytes).
    Removing hal_uart.o(i.UART_SetRXAddress), (12 bytes).
    Removing hal_uart.o(i.UART_SetRXMASK), (12 bytes).
    Removing hal_uart.o(i.UART_SetRXToggle), (16 bytes).
    Removing hal_uart.o(i.UART_SetRecevieEnable), (14 bytes).
    Removing hal_uart.o(i.UART_SetTXToggle), (16 bytes).
    Removing hal_uart.o(i.UART_SetTransmitEnable), (14 bytes).
    Removing hal_uart.o(i.UART_SetTxRxSWAP), (16 bytes).
    Removing hal_uart.o(i.UART_SmartCardCmd), (12 bytes).
    Removing hal_uart.o(i.UART_SmartCardNACKCmd), (14 bytes).
    Removing hal_uart.o(i.UART_WakeUpConfig), (14 bytes).
    Removing hal_uid.o(.rev16_text), (4 bytes).
    Removing hal_uid.o(.revsh_text), (4 bytes).
    Removing hal_uid.o(i.GetChipUID), (32 bytes).
    Removing hal_uid.o(.bss), (12 bytes).
    Removing hal_ver.o(.rev16_text), (4 bytes).
    Removing hal_ver.o(.revsh_text), (4 bytes).
    Removing hal_ver.o(i.Get_ChipsetDEVID), (12 bytes).
    Removing hal_ver.o(i.Get_ChipsetREVID), (16 bytes).
    Removing hal_ver.o(i.Get_ChipsetUIDw0), (12 bytes).
    Removing hal_ver.o(i.Get_ChipsetUIDw1), (12 bytes).
    Removing hal_ver.o(i.Get_ChipsetUIDw2), (12 bytes).
    Removing hal_ver.o(i.Get_MM32LibReleaseDate), (8 bytes).
    Removing hal_ver.o(i.Get_MM32LibVersion), (6 bytes).
    Removing hal_wwdg.o(.rev16_text), (4 bytes).
    Removing hal_wwdg.o(.revsh_text), (4 bytes).
    Removing hal_wwdg.o(i.WWDG_ClearFlag), (20 bytes).
    Removing hal_wwdg.o(i.WWDG_DeInit), (12 bytes).
    Removing hal_wwdg.o(i.WWDG_Enable), (16 bytes).
    Removing hal_wwdg.o(i.WWDG_EnableIT), (20 bytes).
    Removing hal_wwdg.o(i.WWDG_GetCounter), (16 bytes).
    Removing hal_wwdg.o(i.WWDG_GetFlagStatus), (20 bytes).
    Removing hal_wwdg.o(i.WWDG_SetCounter), (16 bytes).
    Removing hal_wwdg.o(i.WWDG_SetPrescaler), (24 bytes).
    Removing hal_wwdg.o(i.WWDG_SetWindowValue), (24 bytes).
    Removing dadd.o(.text), (356 bytes).
    Removing dmul.o(.text), (208 bytes).
    Removing ddiv.o(.text), (240 bytes).
    Removing dfixul.o(.text), (64 bytes).
    Removing cdrcmple.o(.text), (40 bytes).
    Removing depilogue.o(.text), (190 bytes).
    Removing depilogue.o(i.__ARM_clz), (46 bytes).

506 unused section(s) (total 16548 bytes) removed from the image.

==============================================================================

Image Symbol Table

    Local Symbols

    Symbol Name                              Value     Ov Type        Size  Object(Section)

    ../clib/microlib/division.c              0x00000000   Number         0  uldiv.o ABSOLUTE
    ../clib/microlib/division.c              0x00000000   Number         0  uidiv.o ABSOLUTE
    ../clib/microlib/division.c              0x00000000   Number         0  idiv.o ABSOLUTE
    ../clib/microlib/init/entry.s            0x00000000   Number         0  entry9b.o ABSOLUTE
    ../clib/microlib/init/entry.s            0x00000000   Number         0  entry7b.o ABSOLUTE
    ../clib/microlib/init/entry.s            0x00000000   Number         0  entry7a.o ABSOLUTE
    ../clib/microlib/init/entry.s            0x00000000   Number         0  entry.o ABSOLUTE
    ../clib/microlib/init/entry.s            0x00000000   Number         0  entry5.o ABSOLUTE
    ../clib/microlib/init/entry.s            0x00000000   Number         0  entry2.o ABSOLUTE
    ../clib/microlib/init/entry.s            0x00000000   Number         0  entry10b.o ABSOLUTE
    ../clib/microlib/init/entry.s            0x00000000   Number         0  entry11b.o ABSOLUTE
    ../clib/microlib/init/entry.s            0x00000000   Number         0  entry11a.o ABSOLUTE
    ../clib/microlib/init/entry.s            0x00000000   Number         0  entry10a.o ABSOLUTE
    ../clib/microlib/init/entry.s            0x00000000   Number         0  entry9a.o ABSOLUTE
    ../clib/microlib/init/entry.s            0x00000000   Number         0  entry8b.o ABSOLUTE
    ../clib/microlib/init/entry.s            0x00000000   Number         0  entry8a.o ABSOLUTE
    ../clib/microlib/longlong.c              0x00000000   Number         0  llsshr.o ABSOLUTE
    ../clib/microlib/longlong.c              0x00000000   Number         0  llshl.o ABSOLUTE
    ../clib/microlib/longlong.c              0x00000000   Number         0  llushr.o ABSOLUTE
    ../clib/microlib/printf/printf.c         0x00000000   Number         0  printfb.o ABSOLUTE
    ../clib/microlib/printf/printf.c         0x00000000   Number         0  printf0.o ABSOLUTE
    ../clib/microlib/printf/printf.c         0x00000000   Number         0  printf1.o ABSOLUTE
    ../clib/microlib/printf/printf.c         0x00000000   Number         0  printf2.o ABSOLUTE
    ../clib/microlib/printf/printf.c         0x00000000   Number         0  printf3.o ABSOLUTE
    ../clib/microlib/printf/printf.c         0x00000000   Number         0  printfa.o ABSOLUTE
    ../clib/microlib/printf/printf.c         0x00000000   Number         0  printf6.o ABSOLUTE
    ../clib/microlib/printf/printf.c         0x00000000   Number         0  printf7.o ABSOLUTE
    ../clib/microlib/printf/printf.c         0x00000000   Number         0  printf8.o ABSOLUTE
    ../clib/microlib/printf/printf.c         0x00000000   Number         0  printf5.o ABSOLUTE
    ../clib/microlib/printf/printf.c         0x00000000   Number         0  printf4.o ABSOLUTE
    ../clib/microlib/printf/stubs.s          0x00000000   Number         0  stubs.o ABSOLUTE
    ../clib/microlib/stdio/streams.c         0x00000000   Number         0  stdout.o ABSOLUTE
    ../clib/microlib/string/memcpy.c         0x00000000   Number         0  memcpyb.o ABSOLUTE
    ../clib/microlib/string/memcpy.c         0x00000000   Number         0  memcpya.o ABSOLUTE
    ../clib/microlib/string/memset.c         0x00000000   Number         0  memseta.o ABSOLUTE
    ../clib/microlib/stubs.s                 0x00000000   Number         0  iusefp.o ABSOLUTE
    ../fplib/microlib/fpadd.c                0x00000000   Number         0  dadd.o ABSOLUTE
    ../fplib/microlib/fpdiv.c                0x00000000   Number         0  ddiv.o ABSOLUTE
    ../fplib/microlib/fpepilogue.c           0x00000000   Number         0  depilogue.o ABSOLUTE
    ../fplib/microlib/fpfix.c                0x00000000   Number         0  dfixul.o ABSOLUTE
    ../fplib/microlib/fpmul.c                0x00000000   Number         0  dmul.o ABSOLUTE
    ..\Device\MM32F0140\HAL_Lib\Src\hal_adc.c 0x00000000   Number         0  hal_adc.o ABSOLUTE
    ..\Device\MM32F0140\HAL_Lib\Src\hal_comp.c 0x00000000   Number         0  hal_comp.o ABSOLUTE
    ..\Device\MM32F0140\HAL_Lib\Src\hal_crc.c 0x00000000   Number         0  hal_crc.o ABSOLUTE
    ..\Device\MM32F0140\HAL_Lib\Src\hal_dbg.c 0x00000000   Number         0  hal_dbg.o ABSOLUTE
    ..\Device\MM32F0140\HAL_Lib\Src\hal_div.c 0x00000000   Number         0  hal_div.o ABSOLUTE
    ..\Device\MM32F0140\HAL_Lib\Src\hal_dma.c 0x00000000   Number         0  hal_dma.o ABSOLUTE
    ..\Device\MM32F0140\HAL_Lib\Src\hal_exti.c 0x00000000   Number         0  hal_exti.o ABSOLUTE
    ..\Device\MM32F0140\HAL_Lib\Src\hal_flash.c 0x00000000   Number         0  hal_flash.o ABSOLUTE
    ..\Device\MM32F0140\HAL_Lib\Src\hal_flexcan.c 0x00000000   Number         0  hal_flexcan.o ABSOLUTE
    ..\Device\MM32F0140\HAL_Lib\Src\hal_gpio.c 0x00000000   Number         0  hal_gpio.o ABSOLUTE
    ..\Device\MM32F0140\HAL_Lib\Src\hal_i2c.c 0x00000000   Number         0  hal_i2c.o ABSOLUTE
    ..\Device\MM32F0140\HAL_Lib\Src\hal_iwdg.c 0x00000000   Number         0  hal_iwdg.o ABSOLUTE
    ..\Device\MM32F0140\HAL_Lib\Src\hal_misc.c 0x00000000   Number         0  hal_misc.o ABSOLUTE
    ..\Device\MM32F0140\HAL_Lib\Src\hal_pwr.c 0x00000000   Number         0  hal_pwr.o ABSOLUTE
    ..\Device\MM32F0140\HAL_Lib\Src\hal_rcc.c 0x00000000   Number         0  hal_rcc.o ABSOLUTE
    ..\Device\MM32F0140\HAL_Lib\Src\hal_spi.c 0x00000000   Number         0  hal_spi.o ABSOLUTE
    ..\Device\MM32F0140\HAL_Lib\Src\hal_sqrt.c 0x00000000   Number         0  hal_sqrt.o ABSOLUTE
    ..\Device\MM32F0140\HAL_Lib\Src\hal_tim.c 0x00000000   Number         0  hal_tim.o ABSOLUTE
    ..\Device\MM32F0140\HAL_Lib\Src\hal_uart.c 0x00000000   Number         0  hal_uart.o ABSOLUTE
    ..\Device\MM32F0140\HAL_Lib\Src\hal_uid.c 0x00000000   Number         0  hal_uid.o ABSOLUTE
    ..\Device\MM32F0140\HAL_Lib\Src\hal_ver.c 0x00000000   Number         0  hal_ver.o ABSOLUTE
    ..\Device\MM32F0140\HAL_Lib\Src\hal_wwdg.c 0x00000000   Number         0  hal_wwdg.o ABSOLUTE
    ..\Device\MM32F0140\Source\KEIL_StartAsm\startup_mm32f0140_keil.s 0x00000000   Number         0  startup_mm32f0140_keil.o ABSOLUTE
    ..\Device\MM32F0140\Source\system_mm32f0140.c 0x00000000   Number         0  system_mm32f0140_1.o ABSOLUTE
    ..\User\bootloader.c                     0x00000000   Number         0  bootloader.o ABSOLUTE
    ..\User\can.c                            0x00000000   Number         0  can.o ABSOLUTE
    ..\User\can_receive.c                    0x00000000   Number         0  can_receive.o ABSOLUTE
    ..\User\main.c                           0x00000000   Number         0  main.o ABSOLUTE
    ..\\Device\\MM32F0140\\HAL_Lib\\Src\\hal_adc.c 0x00000000   Number         0  hal_adc.o ABSOLUTE
    ..\\Device\\MM32F0140\\HAL_Lib\\Src\\hal_comp.c 0x00000000   Number         0  hal_comp.o ABSOLUTE
    ..\\Device\\MM32F0140\\HAL_Lib\\Src\\hal_crc.c 0x00000000   Number         0  hal_crc.o ABSOLUTE
    ..\\Device\\MM32F0140\\HAL_Lib\\Src\\hal_dbg.c 0x00000000   Number         0  hal_dbg.o ABSOLUTE
    ..\\Device\\MM32F0140\\HAL_Lib\\Src\\hal_div.c 0x00000000   Number         0  hal_div.o ABSOLUTE
    ..\\Device\\MM32F0140\\HAL_Lib\\Src\\hal_dma.c 0x00000000   Number         0  hal_dma.o ABSOLUTE
    ..\\Device\\MM32F0140\\HAL_Lib\\Src\\hal_exti.c 0x00000000   Number         0  hal_exti.o ABSOLUTE
    ..\\Device\\MM32F0140\\HAL_Lib\\Src\\hal_flash.c 0x00000000   Number         0  hal_flash.o ABSOLUTE
    ..\\Device\\MM32F0140\\HAL_Lib\\Src\\hal_flexcan.c 0x00000000   Number         0  hal_flexcan.o ABSOLUTE
    ..\\Device\\MM32F0140\\HAL_Lib\\Src\\hal_gpio.c 0x00000000   Number         0  hal_gpio.o ABSOLUTE
    ..\\Device\\MM32F0140\\HAL_Lib\\Src\\hal_i2c.c 0x00000000   Number         0  hal_i2c.o ABSOLUTE
    ..\\Device\\MM32F0140\\HAL_Lib\\Src\\hal_iwdg.c 0x00000000   Number         0  hal_iwdg.o ABSOLUTE
    ..\\Device\\MM32F0140\\HAL_Lib\\Src\\hal_misc.c 0x00000000   Number         0  hal_misc.o ABSOLUTE
    ..\\Device\\MM32F0140\\HAL_Lib\\Src\\hal_pwr.c 0x00000000   Number         0  hal_pwr.o ABSOLUTE
    ..\\Device\\MM32F0140\\HAL_Lib\\Src\\hal_rcc.c 0x00000000   Number         0  hal_rcc.o ABSOLUTE
    ..\\Device\\MM32F0140\\HAL_Lib\\Src\\hal_spi.c 0x00000000   Number         0  hal_spi.o ABSOLUTE
    ..\\Device\\MM32F0140\\HAL_Lib\\Src\\hal_tim.c 0x00000000   Number         0  hal_tim.o ABSOLUTE
    ..\\Device\\MM32F0140\\HAL_Lib\\Src\\hal_uart.c 0x00000000   Number         0  hal_uart.o ABSOLUTE
    ..\\Device\\MM32F0140\\HAL_Lib\\Src\\hal_uid.c 0x00000000   Number         0  hal_uid.o ABSOLUTE
    ..\\Device\\MM32F0140\\HAL_Lib\\Src\\hal_ver.c 0x00000000   Number         0  hal_ver.o ABSOLUTE
    ..\\Device\\MM32F0140\\HAL_Lib\\Src\\hal_wwdg.c 0x00000000   Number         0  hal_wwdg.o ABSOLUTE
    ..\\Device\\MM32F0140\\Source\\system_mm32f0140.c 0x00000000   Number         0  system_mm32f0140_1.o ABSOLUTE
    ..\\User\\bootloader.c                   0x00000000   Number         0  bootloader.o ABSOLUTE
    ..\\User\\can.c                          0x00000000   Number         0  can.o ABSOLUTE
    ..\\User\\can_receive.c                  0x00000000   Number         0  can_receive.o ABSOLUTE
    ..\\User\\main.c                         0x00000000   Number         0  main.o ABSOLUTE
    cdrcmple.s                               0x00000000   Number         0  cdrcmple.o ABSOLUTE
    dc.s                                     0x00000000   Number         0  dc.o ABSOLUTE
    handlers.s                               0x00000000   Number         0  handlers.o ABSOLUTE
    init.s                                   0x00000000   Number         0  init.o ABSOLUTE
    RESET                                    0x08000000   Section      192  startup_mm32f0140_keil.o(RESET)
    .ARM.Collect$$$$00000000                 0x080000c0   Section        0  entry.o(.ARM.Collect$$$$00000000)
    .ARM.Collect$$$$00000001                 0x080000c0   Section        4  entry2.o(.ARM.Collect$$$$00000001)
    .ARM.Collect$$$$00000004                 0x080000c4   Section        4  entry5.o(.ARM.Collect$$$$00000004)
    .ARM.Collect$$$$00000008                 0x080000c8   Section        0  entry7b.o(.ARM.Collect$$$$00000008)
    .ARM.Collect$$$$0000000A                 0x080000c8   Section        0  entry8b.o(.ARM.Collect$$$$0000000A)
    .ARM.Collect$$$$0000000B                 0x080000c8   Section        8  entry9a.o(.ARM.Collect$$$$0000000B)
    .ARM.Collect$$$$0000000D                 0x080000d0   Section        0  entry10a.o(.ARM.Collect$$$$0000000D)
    .ARM.Collect$$$$0000000F                 0x080000d0   Section        0  entry11a.o(.ARM.Collect$$$$0000000F)
    .ARM.Collect$$$$00002712                 0x080000d0   Section        4  entry2.o(.ARM.Collect$$$$00002712)
    __lit__00000000                          0x080000d0   Data           4  entry2.o(.ARM.Collect$$$$00002712)
    .text                                    0x080000d4   Section       40  startup_mm32f0140_keil.o(.text)
    .text                                    0x080000fc   Section        0  uidiv.o(.text)
    .text                                    0x08000128   Section        0  memcpya.o(.text)
    .text                                    0x0800014c   Section        0  memseta.o(.text)
    .text                                    0x08000170   Section        0  uldiv.o(.text)
    .text                                    0x080001d0   Section       36  init.o(.text)
    .text                                    0x080001f4   Section        0  llshl.o(.text)
    .text                                    0x08000214   Section        0  llushr.o(.text)
    i.AutoCalPllFactor                       0x08000236   Section        0  system_mm32f0140_1.o(i.AutoCalPllFactor)
    i.BOOT_InitConsole                       0x080002a0   Section        0  bootloader.o(i.BOOT_InitConsole)
    i.CAN_Build_Rx_Filter_Table              0x08000314   Section        0  can.o(i.CAN_Build_Rx_Filter_Table)
    i.CAN_Configuration                      0x0800032c   Section        0  can.o(i.CAN_Configuration)
    i.CAN_Rd_Msg                             0x08000478   Section        0  can.o(i.CAN_Rd_Msg)
    i.CAN_ReceiveTest_Init                   0x08000498   Section        0  can_receive.o(i.CAN_ReceiveTest_Init)
    i.CAN_ReceiveTest_Task                   0x080004c8   Section        0  can_receive.o(i.CAN_ReceiveTest_Task)
    i.CAN_Receive_GetId                      0x08000648   Section        0  can_receive.o(i.CAN_Receive_GetId)
    CAN_Receive_GetId                        0x08000649   Thumb Code    28  can_receive.o(i.CAN_Receive_GetId)
    i.CAN_Receive_Save                       0x08000664   Section        0  can_receive.o(i.CAN_Receive_Save)
    CAN_Receive_Save                         0x08000665   Thumb Code    74  can_receive.o(i.CAN_Receive_Save)
    i.CAN_SendStd141Frame                    0x080006b4   Section        0  can.o(i.CAN_SendStd141Frame)
    i.Can_RxMessage_Test                     0x08000768   Section        0  can_receive.o(i.Can_RxMessage_Test)
    i.FLEXCAN_ClearMbStatusFlags             0x08000770   Section        0  can.o(i.FLEXCAN_ClearMbStatusFlags)
    FLEXCAN_ClearMbStatusFlags               0x08000771   Thumb Code     4  can.o(i.FLEXCAN_ClearMbStatusFlags)
    i.FLEXCAN_ClearStatusFlags               0x08000774   Section        0  can.o(i.FLEXCAN_ClearStatusFlags)
    FLEXCAN_ClearStatusFlags                 0x08000775   Thumb Code     4  can.o(i.FLEXCAN_ClearStatusFlags)
    i.FLEXCAN_Enable                         0x08000778   Section        0  hal_flexcan.o(i.FLEXCAN_Enable)
    FLEXCAN_Enable                           0x08000779   Thumb Code    54  hal_flexcan.o(i.FLEXCAN_Enable)
    i.FLEXCAN_EnableMbInterrupts             0x080007ae   Section        0  can.o(i.FLEXCAN_EnableMbInterrupts)
    FLEXCAN_EnableMbInterrupts               0x080007af   Thumb Code     8  can.o(i.FLEXCAN_EnableMbInterrupts)
    i.FLEXCAN_EnterFreezeMode                0x080007b6   Section        0  hal_flexcan.o(i.FLEXCAN_EnterFreezeMode)
    i.FLEXCAN_ExitFreezeMode                 0x080007d8   Section        0  hal_flexcan.o(i.FLEXCAN_ExitFreezeMode)
    i.FLEXCAN_GetDefaultConfig               0x080007fc   Section        0  hal_flexcan.o(i.FLEXCAN_GetDefaultConfig)
    i.FLEXCAN_GetMbStatusFlags               0x0800083c   Section        0  can.o(i.FLEXCAN_GetMbStatusFlags)
    FLEXCAN_GetMbStatusFlags                 0x0800083d   Thumb Code     8  can.o(i.FLEXCAN_GetMbStatusFlags)
    i.FLEXCAN_GetStatusFlags                 0x08000844   Section        0  can.o(i.FLEXCAN_GetStatusFlags)
    FLEXCAN_GetStatusFlags                   0x08000845   Thumb Code     6  can.o(i.FLEXCAN_GetStatusFlags)
    i.FLEXCAN_Init                           0x0800084a   Section        0  hal_flexcan.o(i.FLEXCAN_Init)
    i.FLEXCAN_ReadRxFifo                     0x0800096e   Section        0  hal_flexcan.o(i.FLEXCAN_ReadRxFifo)
    i.FLEXCAN_Reset                          0x08000a04   Section        0  hal_flexcan.o(i.FLEXCAN_Reset)
    FLEXCAN_Reset                            0x08000a05   Thumb Code   114  hal_flexcan.o(i.FLEXCAN_Reset)
    i.FLEXCAN_SetBaudRate                    0x08000a80   Section        0  hal_flexcan.o(i.FLEXCAN_SetBaudRate)
    FLEXCAN_SetBaudRate                      0x08000a81   Thumb Code   130  hal_flexcan.o(i.FLEXCAN_SetBaudRate)
    i.FLEXCAN_SetRxFifoConfig                0x08000b08   Section        0  hal_flexcan.o(i.FLEXCAN_SetRxFifoConfig)
    i.FLEXCAN_SetRxIndividualMask            0x08000c84   Section        0  hal_flexcan.o(i.FLEXCAN_SetRxIndividualMask)
    i.FLEXCAN_SetRxMbConfig                  0x08000ca4   Section        0  hal_flexcan.o(i.FLEXCAN_SetRxMbConfig)
    i.FLEXCAN_SetTimingConfig                0x08000cf8   Section        0  hal_flexcan.o(i.FLEXCAN_SetTimingConfig)
    i.FLEXCAN_SetTxMbConfig                  0x08000d58   Section        0  hal_flexcan.o(i.FLEXCAN_SetTxMbConfig)
    i.FLEXCAN_WriteTxMb                      0x08000d98   Section        0  hal_flexcan.o(i.FLEXCAN_WriteTxMb)
    i.FLEX_CAN_IRQHandler                    0x08000e34   Section        0  can.o(i.FLEX_CAN_IRQHandler)
    i.GPIO_Init                              0x08000f10   Section        0  hal_gpio.o(i.GPIO_Init)
    i.GPIO_PinAFConfig                       0x08000faa   Section        0  hal_gpio.o(i.GPIO_PinAFConfig)
    i.GPIO_StructInit                        0x08000fd2   Section        0  hal_gpio.o(i.GPIO_StructInit)
    i.NVIC_Init                              0x08000fe4   Section        0  hal_misc.o(i.NVIC_Init)
    i.RCC_AHBPeriphClockCmd                  0x0800104c   Section        0  hal_rcc.o(i.RCC_AHBPeriphClockCmd)
    i.RCC_APB1PeriphClockCmd                 0x0800106c   Section        0  hal_rcc.o(i.RCC_APB1PeriphClockCmd)
    i.RCC_APB2PeriphClockCmd                 0x0800108c   Section        0  hal_rcc.o(i.RCC_APB2PeriphClockCmd)
    i.RCC_GetHCLKFreq                        0x080010ac   Section        0  hal_rcc.o(i.RCC_GetHCLKFreq)
    i.RCC_GetPCLK1Freq                       0x080010cc   Section        0  hal_rcc.o(i.RCC_GetPCLK1Freq)
    i.RCC_GetPCLK2Freq                       0x080010f0   Section        0  hal_rcc.o(i.RCC_GetPCLK2Freq)
    i.RCC_GetSysClockFreq                    0x08001114   Section        0  hal_rcc.o(i.RCC_GetSysClockFreq)
    i.SetSysClock                            0x0800119c   Section        0  system_mm32f0140_1.o(i.SetSysClock)
    SetSysClock                              0x0800119d   Thumb Code     8  system_mm32f0140_1.o(i.SetSysClock)
    i.SetSysClockToXX_HSE                    0x080011a4   Section        0  system_mm32f0140_1.o(i.SetSysClockToXX_HSE)
    SetSysClockToXX_HSE                      0x080011a5   Thumb Code   548  system_mm32f0140_1.o(i.SetSysClockToXX_HSE)
    i.SystemInit                             0x080013ec   Section        0  system_mm32f0140_1.o(i.SystemInit)
    i.UART_Cmd                               0x08001458   Section        0  hal_uart.o(i.UART_Cmd)
    i.UART_GetFlagStatus                     0x08001464   Section        0  hal_uart.o(i.UART_GetFlagStatus)
    i.UART_Init                              0x08001478   Section        0  hal_uart.o(i.UART_Init)
    i.UART_SendData                          0x080014f0   Section        0  hal_uart.o(i.UART_SendData)
    i.UART_StructInit                        0x080014f6   Section        0  hal_uart.o(i.UART_StructInit)
    i.__0printf$8                            0x08001510   Section        0  printf8.o(i.__0printf$8)
    i.__scatterload_copy                     0x08001530   Section       14  handlers.o(i.__scatterload_copy)
    i.__scatterload_null                     0x0800153e   Section        2  handlers.o(i.__scatterload_null)
    i.__scatterload_zeroinit                 0x08001540   Section       14  handlers.o(i.__scatterload_zeroinit)
    i._printf_core                           0x08001550   Section        0  printf8.o(i._printf_core)
    _printf_core                             0x08001551   Thumb Code  1020  printf8.o(i._printf_core)
    i._printf_post_padding                   0x08001978   Section        0  printf8.o(i._printf_post_padding)
    _printf_post_padding                     0x08001979   Thumb Code    32  printf8.o(i._printf_post_padding)
    i._printf_pre_padding                    0x08001998   Section        0  printf8.o(i._printf_pre_padding)
    _printf_pre_padding                      0x08001999   Thumb Code    44  printf8.o(i._printf_pre_padding)
    i.fputc                                  0x080019c4   Section        0  bootloader.o(i.fputc)
    i.main                                   0x080019e8   Section        0  main.o(i.main)
    .constdata                               0x08001adc   Section       72  hal_flexcan.o(.constdata)
    canTiming                                0x08001adc   Data          72  hal_flexcan.o(.constdata)
    .conststring                             0x08001b24   Section      223  can_receive.o(.conststring)
    .data                                    0x20000000   Section       12  can.o(.data)
    .data                                    0x2000000c   Section        1  can_receive.o(.data)
    g_can_rx_ready                           0x2000000c   Data           1  can_receive.o(.data)
    .data                                    0x20000010   Section       20  system_mm32f0140_1.o(.data)
    .data                                    0x20000024   Section       16  hal_rcc.o(.data)
    .data                                    0x20000034   Section        4  stdout.o(.data)
    .bss                                     0x20000038   Section       32  can.o(.bss)
    .bss                                     0x20000058   Section       16  can_receive.o(.bss)
    g_can_rx_msg                             0x20000058   Data          16  can_receive.o(.bss)
    STACK                                    0x20000068   Section     1024  startup_mm32f0140_keil.o(STACK)

    Global Symbols

    Symbol Name                              Value     Ov Type        Size  Object(Section)

    BuildAttributes$$THM_ISAv3M$S$PE$A:L22$X:L11$S22$IEEE1$IW$USESV6$~STKCKD$USESV7$~SHL$OSPACE$ROPI$EBA8$MICROLIB$REQ8$PRES8$EABIv2 0x00000000   Number         0  anon$$obj.o ABSOLUTE
    __ARM_use_no_argv                        0x00000000   Number         0  main.o ABSOLUTE
    _printf_a                                0x00000000   Number         0  stubs.o ABSOLUTE
    _printf_c                                0x00000000   Number         0  stubs.o ABSOLUTE
    _printf_charcount                        0x00000000   Number         0  stubs.o ABSOLUTE
    _printf_d                                0x00000000   Number         0  stubs.o ABSOLUTE
    _printf_e                                0x00000000   Number         0  stubs.o ABSOLUTE
    _printf_f                                0x00000000   Number         0  stubs.o ABSOLUTE
    _printf_flags                            0x00000000   Number         0  stubs.o ABSOLUTE
    _printf_fp_dec                           0x00000000   Number         0  stubs.o ABSOLUTE
    _printf_fp_hex                           0x00000000   Number         0  stubs.o ABSOLUTE
    _printf_g                                0x00000000   Number         0  stubs.o ABSOLUTE
    _printf_i                                0x00000000   Number         0  stubs.o ABSOLUTE
    _printf_int_dec                          0x00000000   Number         0  stubs.o ABSOLUTE
    _printf_l                                0x00000000   Number         0  stubs.o ABSOLUTE
    _printf_lc                               0x00000000   Number         0  stubs.o ABSOLUTE
    _printf_ll                               0x00000000   Number         0  stubs.o ABSOLUTE
    _printf_lld                              0x00000000   Number         0  stubs.o ABSOLUTE
    _printf_lli                              0x00000000   Number         0  stubs.o ABSOLUTE
    _printf_llo                              0x00000000   Number         0  stubs.o ABSOLUTE
    _printf_llu                              0x00000000   Number         0  stubs.o ABSOLUTE
    _printf_llx                              0x00000000   Number         0  stubs.o ABSOLUTE
    _printf_longlong_dec                     0x00000000   Number         0  stubs.o ABSOLUTE
    _printf_longlong_hex                     0x00000000   Number         0  stubs.o ABSOLUTE
    _printf_longlong_oct                     0x00000000   Number         0  stubs.o ABSOLUTE
    _printf_ls                               0x00000000   Number         0  stubs.o ABSOLUTE
    _printf_mbtowc                           0x00000000   Number         0  stubs.o ABSOLUTE
    _printf_n                                0x00000000   Number         0  stubs.o ABSOLUTE
    _printf_o                                0x00000000   Number         0  stubs.o ABSOLUTE
    _printf_p                                0x00000000   Number         0  stubs.o ABSOLUTE
    _printf_percent                          0x00000000   Number         0  stubs.o ABSOLUTE
    _printf_pre_padding                      0x00000000   Number         0  stubs.o ABSOLUTE
    _printf_return_value                     0x00000000   Number         0  stubs.o ABSOLUTE
    _printf_s                                0x00000000   Number         0  stubs.o ABSOLUTE
    _printf_sizespec                         0x00000000   Number         0  stubs.o ABSOLUTE
    _printf_str                              0x00000000   Number         0  stubs.o ABSOLUTE
    _printf_truncate_signed                  0x00000000   Number         0  stubs.o ABSOLUTE
    _printf_truncate_unsigned                0x00000000   Number         0  stubs.o ABSOLUTE
    _printf_u                                0x00000000   Number         0  stubs.o ABSOLUTE
    _printf_wc                               0x00000000   Number         0  stubs.o ABSOLUTE
    _printf_wctomb                           0x00000000   Number         0  stubs.o ABSOLUTE
    _printf_widthprec                        0x00000000   Number         0  stubs.o ABSOLUTE
    _printf_x                                0x00000000   Number         0  stubs.o ABSOLUTE
    __cpp_initialize__aeabi_                  - Undefined Weak Reference
    __cxa_finalize                            - Undefined Weak Reference
    __decompress                              - Undefined Weak Reference
    _clock_init                               - Undefined Weak Reference
    _microlib_exit                            - Undefined Weak Reference
    __Vectors_Size                           0x000000c0   Number         0  startup_mm32f0140_keil.o ABSOLUTE
    __Vectors                                0x08000000   Data           4  startup_mm32f0140_keil.o(RESET)
    __Vectors_End                            0x080000c0   Data           0  startup_mm32f0140_keil.o(RESET)
    __main                                   0x080000c1   Thumb Code     0  entry.o(.ARM.Collect$$$$00000000)
    _main_stk                                0x080000c1   Thumb Code     0  entry2.o(.ARM.Collect$$$$00000001)
    _main_scatterload                        0x080000c5   Thumb Code     0  entry5.o(.ARM.Collect$$$$00000004)
    __main_after_scatterload                 0x080000c9   Thumb Code     0  entry5.o(.ARM.Collect$$$$00000004)
    _main_clock                              0x080000c9   Thumb Code     0  entry7b.o(.ARM.Collect$$$$00000008)
    _main_cpp_init                           0x080000c9   Thumb Code     0  entry8b.o(.ARM.Collect$$$$0000000A)
    _main_init                               0x080000c9   Thumb Code     0  entry9a.o(.ARM.Collect$$$$0000000B)
    __rt_final_cpp                           0x080000d1   Thumb Code     0  entry10a.o(.ARM.Collect$$$$0000000D)
    __rt_final_exit                          0x080000d1   Thumb Code     0  entry11a.o(.ARM.Collect$$$$0000000F)
    Reset_Handler                            0x080000d5   Thumb Code    14  startup_mm32f0140_keil.o(.text)
    NMI_Handler                              0x080000e3   Thumb Code     2  startup_mm32f0140_keil.o(.text)
    HardFault_Handler                        0x080000e5   Thumb Code     2  startup_mm32f0140_keil.o(.text)
    SVC_Handler                              0x080000e7   Thumb Code     2  startup_mm32f0140_keil.o(.text)
    PendSV_Handler                           0x080000e9   Thumb Code     2  startup_mm32f0140_keil.o(.text)
    SysTick_Handler                          0x080000eb   Thumb Code     2  startup_mm32f0140_keil.o(.text)
    ADC_COMP_IRQHandler                      0x080000ed   Thumb Code     0  startup_mm32f0140_keil.o(.text)
    DMA1_Channel1_IRQHandler                 0x080000ed   Thumb Code     0  startup_mm32f0140_keil.o(.text)
    DMA1_Channel2_3_IRQHandler               0x080000ed   Thumb Code     0  startup_mm32f0140_keil.o(.text)
    DMA1_Channel4_5_IRQHandler               0x080000ed   Thumb Code     0  startup_mm32f0140_keil.o(.text)
    EXTI0_1_IRQHandler                       0x080000ed   Thumb Code     0  startup_mm32f0140_keil.o(.text)
    EXTI2_3_IRQHandler                       0x080000ed   Thumb Code     0  startup_mm32f0140_keil.o(.text)
    EXTI4_15_IRQHandler                      0x080000ed   Thumb Code     0  startup_mm32f0140_keil.o(.text)
    FLASH_IRQHandler                         0x080000ed   Thumb Code     0  startup_mm32f0140_keil.o(.text)
    HWDIV_IRQHandler                         0x080000ed   Thumb Code     0  startup_mm32f0140_keil.o(.text)
    I2C1_IRQHandler                          0x080000ed   Thumb Code     0  startup_mm32f0140_keil.o(.text)
    PVD_VDT_IRQHandler                       0x080000ed   Thumb Code     0  startup_mm32f0140_keil.o(.text)
    RCC_IRQHandler                           0x080000ed   Thumb Code     0  startup_mm32f0140_keil.o(.text)
    SPI1_IRQHandler                          0x080000ed   Thumb Code     0  startup_mm32f0140_keil.o(.text)
    SPI2_IRQHandler                          0x080000ed   Thumb Code     0  startup_mm32f0140_keil.o(.text)
    TIM14_IRQHandler                         0x080000ed   Thumb Code     0  startup_mm32f0140_keil.o(.text)
    TIM16_IRQHandler                         0x080000ed   Thumb Code     0  startup_mm32f0140_keil.o(.text)
    TIM17_IRQHandler                         0x080000ed   Thumb Code     0  startup_mm32f0140_keil.o(.text)
    TIM1_BRK_UP_TRG_COM_IRQHandler           0x080000ed   Thumb Code     0  startup_mm32f0140_keil.o(.text)
    TIM1_CC_IRQHandler                       0x080000ed   Thumb Code     0  startup_mm32f0140_keil.o(.text)
    TIM2_IRQHandler                          0x080000ed   Thumb Code     0  startup_mm32f0140_keil.o(.text)
    TIM3_IRQHandler                          0x080000ed   Thumb Code     0  startup_mm32f0140_keil.o(.text)
    UART1_IRQHandler                         0x080000ed   Thumb Code     0  startup_mm32f0140_keil.o(.text)
    UART2_IRQHandler                         0x080000ed   Thumb Code     0  startup_mm32f0140_keil.o(.text)
    UART3_IRQHandler                         0x080000ed   Thumb Code     0  startup_mm32f0140_keil.o(.text)
    WWDG_IWDG_IRQHandler                     0x080000ed   Thumb Code     0  startup_mm32f0140_keil.o(.text)
    __aeabi_uidiv                            0x080000fd   Thumb Code     0  uidiv.o(.text)
    __aeabi_uidivmod                         0x080000fd   Thumb Code    44  uidiv.o(.text)
    __aeabi_memcpy                           0x08000129   Thumb Code    36  memcpya.o(.text)
    __aeabi_memcpy4                          0x08000129   Thumb Code     0  memcpya.o(.text)
    __aeabi_memcpy8                          0x08000129   Thumb Code     0  memcpya.o(.text)
    __aeabi_memset                           0x0800014d   Thumb Code    14  memseta.o(.text)
    __aeabi_memset4                          0x0800014d   Thumb Code     0  memseta.o(.text)
    __aeabi_memset8                          0x0800014d   Thumb Code     0  memseta.o(.text)
    __aeabi_memclr                           0x0800015b   Thumb Code     4  memseta.o(.text)
    __aeabi_memclr4                          0x0800015b   Thumb Code     0  memseta.o(.text)
    __aeabi_memclr8                          0x0800015b   Thumb Code     0  memseta.o(.text)
    _memset$wrapper                          0x0800015f   Thumb Code    18  memseta.o(.text)
    __aeabi_uldivmod                         0x08000171   Thumb Code    96  uldiv.o(.text)
    __scatterload                            0x080001d1   Thumb Code    28  init.o(.text)
    __scatterload_rt2                        0x080001d1   Thumb Code     0  init.o(.text)
    __aeabi_llsl                             0x080001f5   Thumb Code    32  llshl.o(.text)
    _ll_shift_l                              0x080001f5   Thumb Code     0  llshl.o(.text)
    __aeabi_llsr                             0x08000215   Thumb Code    34  llushr.o(.text)
    _ll_ushift_r                             0x08000215   Thumb Code     0  llushr.o(.text)
    AutoCalPllFactor                         0x08000237   Thumb Code   106  system_mm32f0140_1.o(i.AutoCalPllFactor)
    BOOT_InitConsole                         0x080002a1   Thumb Code   110  bootloader.o(i.BOOT_InitConsole)
    CAN_Build_Rx_Filter_Table                0x08000315   Thumb Code    14  can.o(i.CAN_Build_Rx_Filter_Table)
    CAN_Configuration                        0x0800032d   Thumb Code   314  can.o(i.CAN_Configuration)
    CAN_Rd_Msg                               0x08000479   Thumb Code    22  can.o(i.CAN_Rd_Msg)
    CAN_ReceiveTest_Init                     0x08000499   Thumb Code    38  can_receive.o(i.CAN_ReceiveTest_Init)
    CAN_ReceiveTest_Task                     0x080004c9   Thumb Code   306  can_receive.o(i.CAN_ReceiveTest_Task)
    CAN_SendStd141Frame                      0x080006b5   Thumb Code   130  can.o(i.CAN_SendStd141Frame)
    Can_RxMessage_Test                       0x08000769   Thumb Code     8  can_receive.o(i.Can_RxMessage_Test)
    FLEXCAN_EnterFreezeMode                  0x080007b7   Thumb Code    34  hal_flexcan.o(i.FLEXCAN_EnterFreezeMode)
    FLEXCAN_ExitFreezeMode                   0x080007d9   Thumb Code    34  hal_flexcan.o(i.FLEXCAN_ExitFreezeMode)
    FLEXCAN_GetDefaultConfig                 0x080007fd   Thumb Code    60  hal_flexcan.o(i.FLEXCAN_GetDefaultConfig)
    FLEXCAN_Init                             0x0800084b   Thumb Code   292  hal_flexcan.o(i.FLEXCAN_Init)
    FLEXCAN_ReadRxFifo                       0x0800096f   Thumb Code   148  hal_flexcan.o(i.FLEXCAN_ReadRxFifo)
    FLEXCAN_SetRxFifoConfig                  0x08000b09   Thumb Code   380  hal_flexcan.o(i.FLEXCAN_SetRxFifoConfig)
    FLEXCAN_SetRxIndividualMask              0x08000c85   Thumb Code    32  hal_flexcan.o(i.FLEXCAN_SetRxIndividualMask)
    FLEXCAN_SetRxMbConfig                    0x08000ca5   Thumb Code    82  hal_flexcan.o(i.FLEXCAN_SetRxMbConfig)
    FLEXCAN_SetTimingConfig                  0x08000cf9   Thumb Code    92  hal_flexcan.o(i.FLEXCAN_SetTimingConfig)
    FLEXCAN_SetTxMbConfig                    0x08000d59   Thumb Code    64  hal_flexcan.o(i.FLEXCAN_SetTxMbConfig)
    FLEXCAN_WriteTxMb                        0x08000d99   Thumb Code   156  hal_flexcan.o(i.FLEXCAN_WriteTxMb)
    FLEX_CAN_IRQHandler                      0x08000e35   Thumb Code   202  can.o(i.FLEX_CAN_IRQHandler)
    GPIO_Init                                0x08000f11   Thumb Code   154  hal_gpio.o(i.GPIO_Init)
    GPIO_PinAFConfig                         0x08000fab   Thumb Code    40  hal_gpio.o(i.GPIO_PinAFConfig)
    GPIO_StructInit                          0x08000fd3   Thumb Code    16  hal_gpio.o(i.GPIO_StructInit)
    NVIC_Init                                0x08000fe5   Thumb Code   100  hal_misc.o(i.NVIC_Init)
    RCC_AHBPeriphClockCmd                    0x0800104d   Thumb Code    28  hal_rcc.o(i.RCC_AHBPeriphClockCmd)
    RCC_APB1PeriphClockCmd                   0x0800106d   Thumb Code    28  hal_rcc.o(i.RCC_APB1PeriphClockCmd)
    RCC_APB2PeriphClockCmd                   0x0800108d   Thumb Code    28  hal_rcc.o(i.RCC_APB2PeriphClockCmd)
    RCC_GetHCLKFreq                          0x080010ad   Thumb Code    24  hal_rcc.o(i.RCC_GetHCLKFreq)
    RCC_GetPCLK1Freq                         0x080010cd   Thumb Code    26  hal_rcc.o(i.RCC_GetPCLK1Freq)
    RCC_GetPCLK2Freq                         0x080010f1   Thumb Code    26  hal_rcc.o(i.RCC_GetPCLK2Freq)
    RCC_GetSysClockFreq                      0x08001115   Thumb Code   122  hal_rcc.o(i.RCC_GetSysClockFreq)
    SystemInit                               0x080013ed   Thumb Code    90  system_mm32f0140_1.o(i.SystemInit)
    UART_Cmd                                 0x08001459   Thumb Code    12  hal_uart.o(i.UART_Cmd)
    UART_GetFlagStatus                       0x08001465   Thumb Code    18  hal_uart.o(i.UART_GetFlagStatus)
    UART_Init                                0x08001479   Thumb Code   116  hal_uart.o(i.UART_Init)
    UART_SendData                            0x080014f1   Thumb Code     6  hal_uart.o(i.UART_SendData)
    UART_StructInit                          0x080014f7   Thumb Code    26  hal_uart.o(i.UART_StructInit)
    __0printf$8                              0x08001511   Thumb Code    24  printf8.o(i.__0printf$8)
    __1printf$8                              0x08001511   Thumb Code     0  printf8.o(i.__0printf$8)
    __2printf                                0x08001511   Thumb Code     0  printf8.o(i.__0printf$8)
    __scatterload_copy                       0x08001531   Thumb Code    14  handlers.o(i.__scatterload_copy)
    __scatterload_null                       0x0800153f   Thumb Code     2  handlers.o(i.__scatterload_null)
    __scatterload_zeroinit                   0x08001541   Thumb Code    14  handlers.o(i.__scatterload_zeroinit)
    fputc                                    0x080019c5   Thumb Code    32  bootloader.o(i.fputc)
    main                                     0x080019e9   Thumb Code    60  main.o(i.main)
    Region$$Table$$Base                      0x08001c04   Number         0  anon$$obj.o(Region$$Table)
    Region$$Table$$Limit                     0x08001c24   Number         0  anon$$obj.o(Region$$Table)
    can_data_ready                           0x20000000   Data           1  can.o(.data)
    can_error_cnt                            0x20000002   Data           2  can.o(.data)
    can_fifo_filter_table                    0x20000004   Data           8  can.o(.data)
    SystemCoreClock                          0x20000010   Data           4  system_mm32f0140_1.o(.data)
    AHBPrescTable                            0x20000014   Data          16  system_mm32f0140_1.o(.data)
    tbPresc                                  0x20000024   Data          16  hal_rcc.o(.data)
    __stdout                                 0x20000034   Data           4  stdout.o(.data)
    RxMessage                                0x20000038   Data          16  can.o(.bss)
    TxMessage                                0x20000048   Data          16  can.o(.bss)
    __initial_sp                             0x20000468   Data           0  startup_mm32f0140_keil.o(STACK)



==============================================================================

Memory Map of the image

  Image Entry point : 0x080000c1

  Load Region LR_IROM1 (Base: 0x08000000, Size: 0x00001c5c, Max: 0x00010000, ABSOLUTE)

    Execution Region ER_IROM1 (Exec base: 0x08000000, Load base: 0x08000000, Size: 0x00001c24, Max: 0x00010000, ABSOLUTE)

    Exec Addr    Load Addr    Size         Type   Attr      Idx    E Section Name        Object

    0x08000000   0x08000000   0x000000c0   Data   RO          507    RESET               startup_mm32f0140_keil.o
    0x080000c0   0x080000c0   0x00000000   Code   RO         3700  * .ARM.Collect$$$$00000000  mc_p.l(entry.o)
    0x080000c0   0x080000c0   0x00000004   Code   RO         3974    .ARM.Collect$$$$00000001  mc_p.l(entry2.o)
    0x080000c4   0x080000c4   0x00000004   Code   RO         3977    .ARM.Collect$$$$00000004  mc_p.l(entry5.o)
    0x080000c8   0x080000c8   0x00000000   Code   RO         3979    .ARM.Collect$$$$00000008  mc_p.l(entry7b.o)
    0x080000c8   0x080000c8   0x00000000   Code   RO         3981    .ARM.Collect$$$$0000000A  mc_p.l(entry8b.o)
    0x080000c8   0x080000c8   0x00000008   Code   RO         3982    .ARM.Collect$$$$0000000B  mc_p.l(entry9a.o)
    0x080000d0   0x080000d0   0x00000000   Code   RO         3984    .ARM.Collect$$$$0000000D  mc_p.l(entry10a.o)
    0x080000d0   0x080000d0   0x00000000   Code   RO         3986    .ARM.Collect$$$$0000000F  mc_p.l(entry11a.o)
    0x080000d0   0x080000d0   0x00000004   Code   RO         3975    .ARM.Collect$$$$00002712  mc_p.l(entry2.o)
    0x080000d4   0x080000d4   0x00000028   Code   RO          508    .text               startup_mm32f0140_keil.o
    0x080000fc   0x080000fc   0x0000002c   Code   RO         3703    .text               mc_p.l(uidiv.o)
    0x08000128   0x08000128   0x00000024   Code   RO         3707    .text               mc_p.l(memcpya.o)
    0x0800014c   0x0800014c   0x00000024   Code   RO         3709    .text               mc_p.l(memseta.o)
    0x08000170   0x08000170   0x00000060   Code   RO         3989    .text               mc_p.l(uldiv.o)
    0x080001d0   0x080001d0   0x00000024   Code   RO         4002    .text               mc_p.l(init.o)
    0x080001f4   0x080001f4   0x00000020   Code   RO         4004    .text               mc_p.l(llshl.o)
    0x08000214   0x08000214   0x00000022   Code   RO         4006    .text               mc_p.l(llushr.o)
    0x08000236   0x08000236   0x0000006a   Code   RO          514    i.AutoCalPllFactor  system_mm32f0140_1.o
    0x080002a0   0x080002a0   0x00000074   Code   RO          209    i.BOOT_InitConsole  bootloader.o
    0x08000314   0x08000314   0x00000018   Code   RO          348    i.CAN_Build_Rx_Filter_Table  can.o
    0x0800032c   0x0800032c   0x0000014c   Code   RO          349    i.CAN_Configuration  can.o
    0x08000478   0x08000478   0x00000020   Code   RO          350    i.CAN_Rd_Msg        can.o
    0x08000498   0x08000498   0x00000030   Code   RO          443    i.CAN_ReceiveTest_Init  can_receive.o
    0x080004c8   0x080004c8   0x00000180   Code   RO          445    i.CAN_ReceiveTest_Task  can_receive.o
    0x08000648   0x08000648   0x0000001c   Code   RO          446    i.CAN_Receive_GetId  can_receive.o
    0x08000664   0x08000664   0x00000050   Code   RO          447    i.CAN_Receive_Save  can_receive.o
    0x080006b4   0x080006b4   0x000000b4   Code   RO          351    i.CAN_SendStd141Frame  can.o
    0x08000768   0x08000768   0x00000008   Code   RO          448    i.Can_RxMessage_Test  can_receive.o
    0x08000770   0x08000770   0x00000004   Code   RO          355    i.FLEXCAN_ClearMbStatusFlags  can.o
    0x08000774   0x08000774   0x00000004   Code   RO          356    i.FLEXCAN_ClearStatusFlags  can.o
    0x08000778   0x08000778   0x00000036   Code   RO         1412    i.FLEXCAN_Enable    hal_flexcan.o
    0x080007ae   0x080007ae   0x00000008   Code   RO          357    i.FLEXCAN_EnableMbInterrupts  can.o
    0x080007b6   0x080007b6   0x00000022   Code   RO         1415    i.FLEXCAN_EnterFreezeMode  hal_flexcan.o
    0x080007d8   0x080007d8   0x00000022   Code   RO         1416    i.FLEXCAN_ExitFreezeMode  hal_flexcan.o
    0x080007fa   0x080007fa   0x00000002   PAD
    0x080007fc   0x080007fc   0x00000040   Code   RO         1417    i.FLEXCAN_GetDefaultConfig  hal_flexcan.o
    0x0800083c   0x0800083c   0x00000008   Code   RO          358    i.FLEXCAN_GetMbStatusFlags  can.o
    0x08000844   0x08000844   0x00000006   Code   RO          359    i.FLEXCAN_GetStatusFlags  can.o
    0x0800084a   0x0800084a   0x00000124   Code   RO         1422    i.FLEXCAN_Init      hal_flexcan.o
    0x0800096e   0x0800096e   0x00000094   Code   RO         1425    i.FLEXCAN_ReadRxFifo  hal_flexcan.o
    0x08000a02   0x08000a02   0x00000002   PAD
    0x08000a04   0x08000a04   0x0000007c   Code   RO         1427    i.FLEXCAN_Reset     hal_flexcan.o
    0x08000a80   0x08000a80   0x00000088   Code   RO         1428    i.FLEXCAN_SetBaudRate  hal_flexcan.o
    0x08000b08   0x08000b08   0x0000017c   Code   RO         1429    i.FLEXCAN_SetRxFifoConfig  hal_flexcan.o
    0x08000c84   0x08000c84   0x00000020   Code   RO         1431    i.FLEXCAN_SetRxIndividualMask  hal_flexcan.o
    0x08000ca4   0x08000ca4   0x00000052   Code   RO         1432    i.FLEXCAN_SetRxMbConfig  hal_flexcan.o
    0x08000cf6   0x08000cf6   0x00000002   PAD
    0x08000cf8   0x08000cf8   0x00000060   Code   RO         1434    i.FLEXCAN_SetTimingConfig  hal_flexcan.o
    0x08000d58   0x08000d58   0x00000040   Code   RO         1435    i.FLEXCAN_SetTxMbConfig  hal_flexcan.o
    0x08000d98   0x08000d98   0x0000009c   Code   RO         1448    i.FLEXCAN_WriteTxMb  hal_flexcan.o
    0x08000e34   0x08000e34   0x000000dc   Code   RO          360    i.FLEX_CAN_IRQHandler  can.o
    0x08000f10   0x08000f10   0x0000009a   Code   RO         1674    i.GPIO_Init         hal_gpio.o
    0x08000faa   0x08000faa   0x00000028   Code   RO         1675    i.GPIO_PinAFConfig  hal_gpio.o
    0x08000fd2   0x08000fd2   0x00000010   Code   RO         1684    i.GPIO_StructInit   hal_gpio.o
    0x08000fe2   0x08000fe2   0x00000002   PAD
    0x08000fe4   0x08000fe4   0x00000068   Code   RO         2092    i.NVIC_Init         hal_misc.o
    0x0800104c   0x0800104c   0x00000020   Code   RO         2200    i.RCC_AHBPeriphClockCmd  hal_rcc.o
    0x0800106c   0x0800106c   0x00000020   Code   RO         2203    i.RCC_APB1PeriphClockCmd  hal_rcc.o
    0x0800108c   0x0800108c   0x00000020   Code   RO         2206    i.RCC_APB2PeriphClockCmd  hal_rcc.o
    0x080010ac   0x080010ac   0x00000020   Code   RO         2220    i.RCC_GetHCLKFreq   hal_rcc.o
    0x080010cc   0x080010cc   0x00000024   Code   RO         2222    i.RCC_GetPCLK1Freq  hal_rcc.o
    0x080010f0   0x080010f0   0x00000024   Code   RO         2223    i.RCC_GetPCLK2Freq  hal_rcc.o
    0x08001114   0x08001114   0x00000088   Code   RO         2225    i.RCC_GetSysClockFreq  hal_rcc.o
    0x0800119c   0x0800119c   0x00000008   Code   RO          515    i.SetSysClock       system_mm32f0140_1.o
    0x080011a4   0x080011a4   0x00000248   Code   RO          516    i.SetSysClockToXX_HSE  system_mm32f0140_1.o
    0x080013ec   0x080013ec   0x0000006c   Code   RO          517    i.SystemInit        system_mm32f0140_1.o
    0x08001458   0x08001458   0x0000000c   Code   RO         3340    i.UART_Cmd          hal_uart.o
    0x08001464   0x08001464   0x00000012   Code   RO         3344    i.UART_GetFlagStatus  hal_uart.o
    0x08001476   0x08001476   0x00000002   PAD
    0x08001478   0x08001478   0x00000078   Code   RO         3348    i.UART_Init         hal_uart.o
    0x080014f0   0x080014f0   0x00000006   Code   RO         3352    i.UART_SendData     hal_uart.o
    0x080014f6   0x080014f6   0x0000001a   Code   RO         3367    i.UART_StructInit   hal_uart.o
    0x08001510   0x08001510   0x00000020   Code   RO         3920    i.__0printf$8       mc_p.l(printf8.o)
    0x08001530   0x08001530   0x0000000e   Code   RO         4016    i.__scatterload_copy  mc_p.l(handlers.o)
    0x0800153e   0x0800153e   0x00000002   Code   RO         4017    i.__scatterload_null  mc_p.l(handlers.o)
    0x08001540   0x08001540   0x0000000e   Code   RO         4018    i.__scatterload_zeroinit  mc_p.l(handlers.o)
    0x0800154e   0x0800154e   0x00000002   PAD
    0x08001550   0x08001550   0x00000428   Code   RO         3927    i._printf_core      mc_p.l(printf8.o)
    0x08001978   0x08001978   0x00000020   Code   RO         3928    i._printf_post_padding  mc_p.l(printf8.o)
    0x08001998   0x08001998   0x0000002c   Code   RO         3929    i._printf_pre_padding  mc_p.l(printf8.o)
    0x080019c4   0x080019c4   0x00000024   Code   RO          211    i.fputc             bootloader.o
    0x080019e8   0x080019e8   0x000000f4   Code   RO            4    i.main              main.o
    0x08001adc   0x08001adc   0x00000048   Data   RO         1449    .constdata          hal_flexcan.o
    0x08001b24   0x08001b24   0x000000df   Data   RO          451    .conststring        can_receive.o
    0x08001c03   0x08001c03   0x00000001   PAD
    0x08001c04   0x08001c04   0x00000020   Data   RO         4014    Region$$Table       anon$$obj.o


    Execution Region RW_IRAM1 (Exec base: 0x20000000, Load base: 0x08001c24, Size: 0x00000468, Max: 0x00002000, ABSOLUTE)

    Exec Addr    Load Addr    Size         Type   Attr      Idx    E Section Name        Object

    0x20000000   0x08001c24   0x0000000c   Data   RW          362    .data               can.o
    0x2000000c   0x08001c30   0x00000001   Data   RW          452    .data               can_receive.o
    0x2000000d   0x08001c31   0x00000003   PAD
    0x20000010   0x08001c34   0x00000014   Data   RW          518    .data               system_mm32f0140_1.o
    0x20000024   0x08001c48   0x00000010   Data   RW         2248    .data               hal_rcc.o
    0x20000034   0x08001c58   0x00000004   Data   RW         3988    .data               mc_p.l(stdout.o)
    0x20000038        -       0x00000020   Zero   RW          361    .bss                can.o
    0x20000058        -       0x00000010   Zero   RW          450    .bss                can_receive.o
    0x20000068        -       0x00000400   Zero   RW          505    STACK               startup_mm32f0140_keil.o


==============================================================================

Image component sizes


      Code (inc. data)   RO Data    RW Data    ZI Data      Debug   Object Name

       152         10          0          0          0     111899   bootloader.o
       818        106          0         12         32      14854   can.o
       548         94        223          1         16       3363   can_receive.o
      1696         24         72          0          0      19252   hal_flexcan.o
       210          0          0          0          0       4325   hal_gpio.o
       104          4          0          0          0        832   hal_misc.o
       336         54          0         16          0       6830   hal_rcc.o
       182          4          0          0          0       4870   hal_uart.o
       244        184          0          0          0       6203   main.o
        40         14        192          0       1024        668   startup_mm32f0140_keil.o
       806         54          0         20          0       3628   system_mm32f0140_1.o

    ----------------------------------------------------------------------
      5146        548        520         52       1072     176724   Object Totals
         0          0         32          0          0          0   (incl. Generated)
        10          0          1          3          0          0   (incl. Padding)

    ----------------------------------------------------------------------

      Code (inc. data)   RO Data    RW Data    ZI Data      Debug   Library Member Name

         0          0          0          0          0          0   entry.o
         0          0          0          0          0          0   entry10a.o
         0          0          0          0          0          0   entry11a.o
         8          4          0          0          0          0   entry2.o
         4          0          0          0          0          0   entry5.o
         0          0          0          0          0          0   entry7b.o
         0          0          0          0          0          0   entry8b.o
         8          4          0          0          0          0   entry9a.o
        30          0          0          0          0          0   handlers.o
        36          8          0          0          0         68   init.o
        32          0          0          0          0         68   llshl.o
        34          0          0          0          0         68   llushr.o
        36          0          0          0          0         60   memcpya.o
        36          0          0          0          0        100   memseta.o
      1172         52          0          0          0        324   printf8.o
         0          0          0          4          0          0   stdout.o
        44          0          0          0          0         72   uidiv.o
        96          0          0          0          0         84   uldiv.o

    ----------------------------------------------------------------------
      1538         68          0          4          0        844   Library Totals
         2          0          0          0          0          0   (incl. Padding)

    ----------------------------------------------------------------------

      Code (inc. data)   RO Data    RW Data    ZI Data      Debug   Library Name

      1536         68          0          4          0        844   mc_p.l

    ----------------------------------------------------------------------
      1538         68          0          4          0        844   Library Totals

    ----------------------------------------------------------------------

==============================================================================


      Code (inc. data)   RO Data    RW Data    ZI Data      Debug   

      6684        616        520         56       1072     175168   Grand Totals
      6684        616        520         56       1072     175168   ELF Image Totals
      6684        616        520         56          0          0   ROM Totals

==============================================================================

    Total RO  Size (Code + RO Data)                 7204 (   7.04kB)
    Total RW  Size (RW Data + ZI Data)              1128 (   1.10kB)
    Total ROM Size (Code + RO Data + RW Data)       7260 (   7.09kB)

==============================================================================

